[    0.000000] Linux version 6.6.22-1-lts (linux-lts@archlinux) (gcc (GCC) 13.2.1 20230801, GNU ld (GNU Binutils) 2.42.0) #1 SMP PREEMPT_DYNAMIC Sat, 16 Mar 2024 06:20:33 +0000
[    0.000000] Command line: initrd=\initramfs-linux-lts.img root=UUID=c0f39b5f-80e1-47c1-9148-c249231ffaa1 rw amdgpu.ppfeaturemask=0xffffffff
[    0.000000] BIOS-provided physical RAM map:
[    0.000000] BIOS-e820: [mem 0x0000000000000000-0x000000000009ffff] usable
[    0.000000] BIOS-e820: [mem 0x00000000000a0000-0x00000000000fffff] reserved
[    0.000000] BIOS-e820: [mem 0x0000000000100000-0x0000000009d81fff] usable
[    0.000000] BIOS-e820: [mem 0x0000000009d82000-0x0000000009ffffff] reserved
[    0.000000] BIOS-e820: [mem 0x000000000a000000-0x000000000a1fffff] usable
[    0.000000] BIOS-e820: [mem 0x000000000a200000-0x000000000a20dfff] ACPI NVS
[    0.000000] BIOS-e820: [mem 0x000000000a20e000-0x00000000baefcfff] usable
[    0.000000] BIOS-e820: [mem 0x00000000baefd000-0x00000000baefdfff] reserved
[    0.000000] BIOS-e820: [mem 0x00000000baefe000-0x00000000baf2efff] usable
[    0.000000] BIOS-e820: [mem 0x00000000baf2f000-0x00000000baf2ffff] reserved
[    0.000000] BIOS-e820: [mem 0x00000000baf30000-0x00000000d95d8fff] usable
[    0.000000] BIOS-e820: [mem 0x00000000d95d9000-0x00000000d9958fff] reserved
[    0.000000] BIOS-e820: [mem 0x00000000d9959000-0x00000000d99bcfff] ACPI data
[    0.000000] BIOS-e820: [mem 0x00000000d99bd000-0x00000000db0bbfff] ACPI NVS
[    0.000000] BIOS-e820: [mem 0x00000000db0bc000-0x00000000ddbfefff] reserved
[    0.000000] BIOS-e820: [mem 0x00000000ddbff000-0x00000000deffffff] usable
[    0.000000] BIOS-e820: [mem 0x00000000df000000-0x00000000dfffffff] reserved
[    0.000000] BIOS-e820: [mem 0x00000000f0000000-0x00000000f7ffffff] reserved
[    0.000000] BIOS-e820: [mem 0x00000000fd100000-0x00000000fd1fffff] reserved
[    0.000000] BIOS-e820: [mem 0x00000000fd300000-0x00000000fd4fffff] reserved
[    0.000000] BIOS-e820: [mem 0x00000000fea00000-0x00000000fea0ffff] reserved
[    0.000000] BIOS-e820: [mem 0x00000000feb80000-0x00000000fec01fff] reserved
[    0.000000] BIOS-e820: [mem 0x00000000fec10000-0x00000000fec10fff] reserved
[    0.000000] BIOS-e820: [mem 0x00000000fed00000-0x00000000fed00fff] reserved
[    0.000000] BIOS-e820: [mem 0x00000000fed40000-0x00000000fed44fff] reserved
[    0.000000] BIOS-e820: [mem 0x00000000fed80000-0x00000000fed8ffff] reserved
[    0.000000] BIOS-e820: [mem 0x00000000fedc2000-0x00000000fedcffff] reserved
[    0.000000] BIOS-e820: [mem 0x00000000fedd4000-0x00000000fedd5fff] reserved
[    0.000000] BIOS-e820: [mem 0x00000000ff000000-0x00000000ffffffff] reserved
[    0.000000] BIOS-e820: [mem 0x0000000100000000-0x000000101f37ffff] usable
[    0.000000] BIOS-e820: [mem 0x000000101f380000-0x000000101fffffff] reserved
[    0.000000] NX (Execute Disable) protection: active
[    0.000000] APIC: Static calls initialized
[    0.000000] e820: update [mem 0xd1f6a018-0xd1f77857] usable ==> usable
[    0.000000] e820: update [mem 0xd1f6a018-0xd1f77857] usable ==> usable
[    0.000000] e820: update [mem 0xd1f4b018-0xd1f69257] usable ==> usable
[    0.000000] e820: update [mem 0xd1f4b018-0xd1f69257] usable ==> usable
[    0.000000] extended physical RAM map:
[    0.000000] reserve setup_data: [mem 0x0000000000000000-0x000000000009ffff] usable
[    0.000000] reserve setup_data: [mem 0x00000000000a0000-0x00000000000fffff] reserved
[    0.000000] reserve setup_data: [mem 0x0000000000100000-0x0000000009d81fff] usable
[    0.000000] reserve setup_data: [mem 0x0000000009d82000-0x0000000009ffffff] reserved
[    0.000000] reserve setup_data: [mem 0x000000000a000000-0x000000000a1fffff] usable
[    0.000000] reserve setup_data: [mem 0x000000000a200000-0x000000000a20dfff] ACPI NVS
[    0.000000] reserve setup_data: [mem 0x000000000a20e000-0x00000000baefcfff] usable
[    0.000000] reserve setup_data: [mem 0x00000000baefd000-0x00000000baefdfff] reserved
[    0.000000] reserve setup_data: [mem 0x00000000baefe000-0x00000000baf2efff] usable
[    0.000000] reserve setup_data: [mem 0x00000000baf2f000-0x00000000baf2ffff] reserved
[    0.000000] reserve setup_data: [mem 0x00000000baf30000-0x00000000d1f4b017] usable
[    0.000000] reserve setup_data: [mem 0x00000000d1f4b018-0x00000000d1f69257] usable
[    0.000000] reserve setup_data: [mem 0x00000000d1f69258-0x00000000d1f6a017] usable
[    0.000000] reserve setup_data: [mem 0x00000000d1f6a018-0x00000000d1f77857] usable
[    0.000000] reserve setup_data: [mem 0x00000000d1f77858-0x00000000d95d8fff] usable
[    0.000000] reserve setup_data: [mem 0x00000000d95d9000-0x00000000d9958fff] reserved
[    0.000000] reserve setup_data: [mem 0x00000000d9959000-0x00000000d99bcfff] ACPI data
[    0.000000] reserve setup_data: [mem 0x00000000d99bd000-0x00000000db0bbfff] ACPI NVS
[    0.000000] reserve setup_data: [mem 0x00000000db0bc000-0x00000000ddbfefff] reserved
[    0.000000] reserve setup_data: [mem 0x00000000ddbff000-0x00000000deffffff] usable
[    0.000000] reserve setup_data: [mem 0x00000000df000000-0x00000000dfffffff] reserved
[    0.000000] reserve setup_data: [mem 0x00000000f0000000-0x00000000f7ffffff] reserved
[    0.000000] reserve setup_data: [mem 0x00000000fd100000-0x00000000fd1fffff] reserved
[    0.000000] reserve setup_data: [mem 0x00000000fd300000-0x00000000fd4fffff] reserved
[    0.000000] reserve setup_data: [mem 0x00000000fea00000-0x00000000fea0ffff] reserved
[    0.000000] reserve setup_data: [mem 0x00000000feb80000-0x00000000fec01fff] reserved
[    0.000000] reserve setup_data: [mem 0x00000000fec10000-0x00000000fec10fff] reserved
[    0.000000] reserve setup_data: [mem 0x00000000fed00000-0x00000000fed00fff] reserved
[    0.000000] reserve setup_data: [mem 0x00000000fed40000-0x00000000fed44fff] reserved
[    0.000000] reserve setup_data: [mem 0x00000000fed80000-0x00000000fed8ffff] reserved
[    0.000000] reserve setup_data: [mem 0x00000000fedc2000-0x00000000fedcffff] reserved
[    0.000000] reserve setup_data: [mem 0x00000000fedd4000-0x00000000fedd5fff] reserved
[    0.000000] reserve setup_data: [mem 0x00000000ff000000-0x00000000ffffffff] reserved
[    0.000000] reserve setup_data: [mem 0x0000000100000000-0x000000101f37ffff] usable
[    0.000000] reserve setup_data: [mem 0x000000101f380000-0x000000101fffffff] reserved
[    0.000000] efi: EFI v2.7 by American Megatrends
[    0.000000] efi: ACPI=0xdb0a3000 ACPI 2.0=0xdb0a3014 TPMFinalLog=0xdb06d000 SMBIOS=0xdd9fc000 MEMATTR=0xd7496018 ESRT=0xd7e12b98 RNG=0xd99abf18 INITRD=0xd444cd18 TPMEventLog=0xd1f78018 
[    0.000000] random: crng init done
[    0.000000] efi: Remove mem305: MMIO range=[0xf0000000-0xf7ffffff] (128MB) from e820 map
[    0.000000] e820: remove [mem 0xf0000000-0xf7ffffff] reserved
[    0.000000] efi: Remove mem306: MMIO range=[0xfd100000-0xfd1fffff] (1MB) from e820 map
[    0.000000] e820: remove [mem 0xfd100000-0xfd1fffff] reserved
[    0.000000] efi: Remove mem307: MMIO range=[0xfd300000-0xfd4fffff] (2MB) from e820 map
[    0.000000] e820: remove [mem 0xfd300000-0xfd4fffff] reserved
[    0.000000] efi: Not removing mem308: MMIO range=[0xfea00000-0xfea0ffff] (64KB) from e820 map
[    0.000000] efi: Remove mem309: MMIO range=[0xfeb80000-0xfec01fff] (0MB) from e820 map
[    0.000000] e820: remove [mem 0xfeb80000-0xfec01fff] reserved
[    0.000000] efi: Not removing mem310: MMIO range=[0xfec10000-0xfec10fff] (4KB) from e820 map
[    0.000000] efi: Not removing mem311: MMIO range=[0xfed00000-0xfed00fff] (4KB) from e820 map
[    0.000000] efi: Not removing mem312: MMIO range=[0xfed40000-0xfed44fff] (20KB) from e820 map
[    0.000000] efi: Not removing mem313: MMIO range=[0xfed80000-0xfed8ffff] (64KB) from e820 map
[    0.000000] efi: Not removing mem314: MMIO range=[0xfedc2000-0xfedcffff] (56KB) from e820 map
[    0.000000] efi: Not removing mem315: MMIO range=[0xfedd4000-0xfedd5fff] (8KB) from e820 map
[    0.000000] efi: Remove mem316: MMIO range=[0xff000000-0xffffffff] (16MB) from e820 map
[    0.000000] e820: remove [mem 0xff000000-0xffffffff] reserved
[    0.000000] SMBIOS 2.8 present.
[    0.000000] DMI: Micro-Star International Co., Ltd. MS-7D51/MEG X570S UNIFY-X MAX (MS-7D51), BIOS 1.70 08/11/2023
[    0.000000] tsc: Fast TSC calibration using PIT
[    0.000000] tsc: Detected 3399.831 MHz processor
[    0.000122] e820: update [mem 0x00000000-0x00000fff] usable ==> reserved
[    0.000123] e820: remove [mem 0x000a0000-0x000fffff] usable
[    0.000129] last_pfn = 0x101f380 max_arch_pfn = 0x400000000
[    0.000135] total RAM covered: 3583M
[    0.000252] Found optimal setting for mtrr clean up
[    0.000252]  gran_size: 64K 	chunk_size: 128M 	num_reg: 4  	lose cover RAM: 0G
[    0.000255] MTRR map: 8 entries (4 fixed + 4 variable; max 21), built from 9 variable MTRRs
[    0.000256] x86/PAT: Configuration [0-7]: WB  WC  UC- UC  WB  WP  UC- WT  
[    0.000576] e820: update [mem 0xdae40000-0xdae4ffff] usable ==> reserved
[    0.000581] e820: update [mem 0xe0000000-0xffffffff] usable ==> reserved
[    0.000583] last_pfn = 0xdf000 max_arch_pfn = 0x400000000
[    0.003386] esrt: Reserving ESRT space from 0x00000000d7e12b98 to 0x00000000d7e12bf8.
[    0.003392] e820: update [mem 0xd7e12000-0xd7e12fff] usable ==> reserved
[    0.003419] Using GB pages for direct mapping
[    0.003941] Secure boot disabled
[    0.003941] RAMDISK: [mem 0xce63a000-0xd0675fff]
[    0.003945] ACPI: Early table checksum verification disabled
[    0.003947] ACPI: RSDP 0x00000000DB0A3014 000024 (v02 ALASKA)
[    0.003950] ACPI: XSDT 0x00000000DB0A2728 0000D4 (v01 ALASKA A M I    01072009 AMI  01000013)
[    0.003954] ACPI: FACP 0x00000000D99AE000 000114 (v06 ALASKA A M I    01072009 AMI  00010013)
[    0.003957] ACPI: DSDT 0x00000000D997C000 00704C (v02 ALASKA A M I    01072009 INTL 20120913)
[    0.003959] ACPI: FACS 0x00000000DB09D000 000040
[    0.003960] ACPI: SSDT 0x00000000D99B4000 008CE9 (v02 AMD    AmdTable 00000002 MSFT 04000000)
[    0.003962] ACPI: SSDT 0x00000000D99B0000 003B86 (v02 AMD    AMD AOD  00000001 INTL 20120913)
[    0.003963] ACPI: SSDT 0x00000000D99AF000 0000FC (v02 ALASKA CPUSSDT  01072009 AMI  01072009)
[    0.003965] ACPI: FIDT 0x00000000D99A6000 00009C (v01 ALASKA A M I    01072009 AMI  00010013)
[    0.003966] ACPI: MCFG 0x00000000D99A5000 00003C (v01 ALASKA A M I    01072009 MSFT 00010013)
[    0.003968] ACPI: HPET 0x00000000D99A4000 000038 (v01 ALASKA A M I    01072009 AMI  00000005)
[    0.003969] ACPI: SSDT 0x00000000D99A3000 000024 (v01 AMD    BIXBY    00001000 INTL 20120913)
[    0.003971] ACPI: IVRS 0x00000000D99A2000 0000D0 (v02 AMD    AmdTable 00000001 AMD  00000001)
[    0.003972] ACPI: FPDT 0x00000000D99A1000 000044 (v01 ALASKA A M I    01072009 AMI  01000013)
[    0.003973] ACPI: VFCT 0x00000000D9995000 00B084 (v01 ALASKA A M I    00000001 AMD  31504F47)
[    0.003975] ACPI: BGRT 0x00000000D9994000 000038 (v01 ALASKA A M I    01072009 AMI  00010013)
[    0.003977] ACPI: TPM2 0x00000000D9993000 00004C (v04 ALASKA A M I    00000001 AMI  00000000)
[    0.003978] ACPI: PCCT 0x00000000D9992000 00006E (v02 AMD    AmdTable 00000001 AMD  00000001)
[    0.003980] ACPI: SSDT 0x00000000D998D000 004043 (v02 AMD    AmdTable 00000001 AMD  00000001)
[    0.003981] ACPI: CRAT 0x00000000D998C000 000F10 (v01 AMD    AmdTable 00000001 AMD  00000001)
[    0.003983] ACPI: CDIT 0x00000000D998B000 000029 (v01 AMD    AmdTable 00000001 AMD  00000001)
[    0.003984] ACPI: SSDT 0x00000000D998A000 00052C (v02 AMD    QOGIRNOI 00000001 INTL 20120913)
[    0.003985] ACPI: SSDT 0x00000000D9986000 0037DC (v02 AMD    QOGIRN   00000001 INTL 20120913)
[    0.003987] ACPI: WSMT 0x00000000D9985000 000028 (v01 ALASKA A M I    01072009 AMI  00010013)
[    0.003988] ACPI: APIC 0x00000000D9984000 00015E (v04 ALASKA A M I    01072009 AMI  00010013)
[    0.003990] ACPI: SSDT 0x00000000D99AC000 0010AF (v02 AMD    QOGIRC   00000001 INTL 20120913)
[    0.003991] ACPI: Reserving FACP table memory at [mem 0xd99ae000-0xd99ae113]
[    0.003992] ACPI: Reserving DSDT table memory at [mem 0xd997c000-0xd998304b]
[    0.003992] ACPI: Reserving FACS table memory at [mem 0xdb09d000-0xdb09d03f]
[    0.003993] ACPI: Reserving SSDT table memory at [mem 0xd99b4000-0xd99bcce8]
[    0.003993] ACPI: Reserving SSDT table memory at [mem 0xd99b0000-0xd99b3b85]
[    0.003993] ACPI: Reserving SSDT table memory at [mem 0xd99af000-0xd99af0fb]
[    0.003994] ACPI: Reserving FIDT table memory at [mem 0xd99a6000-0xd99a609b]
[    0.003994] ACPI: Reserving MCFG table memory at [mem 0xd99a5000-0xd99a503b]
[    0.003995] ACPI: Reserving HPET table memory at [mem 0xd99a4000-0xd99a4037]
[    0.003995] ACPI: Reserving SSDT table memory at [mem 0xd99a3000-0xd99a3023]
[    0.003996] ACPI: Reserving IVRS table memory at [mem 0xd99a2000-0xd99a20cf]
[    0.003996] ACPI: Reserving FPDT table memory at [mem 0xd99a1000-0xd99a1043]
[    0.003996] ACPI: Reserving VFCT table memory at [mem 0xd9995000-0xd99a0083]
[    0.003997] ACPI: Reserving BGRT table memory at [mem 0xd9994000-0xd9994037]
[    0.003997] ACPI: Reserving TPM2 table memory at [mem 0xd9993000-0xd999304b]
[    0.003998] ACPI: Reserving PCCT table memory at [mem 0xd9992000-0xd999206d]
[    0.003998] ACPI: Reserving SSDT table memory at [mem 0xd998d000-0xd9991042]
[    0.003998] ACPI: Reserving CRAT table memory at [mem 0xd998c000-0xd998cf0f]
[    0.003999] ACPI: Reserving CDIT table memory at [mem 0xd998b000-0xd998b028]
[    0.003999] ACPI: Reserving SSDT table memory at [mem 0xd998a000-0xd998a52b]
[    0.004000] ACPI: Reserving SSDT table memory at [mem 0xd9986000-0xd99897db]
[    0.004000] ACPI: Reserving WSMT table memory at [mem 0xd9985000-0xd9985027]
[    0.004000] ACPI: Reserving APIC table memory at [mem 0xd9984000-0xd998415d]
[    0.004001] ACPI: Reserving SSDT table memory at [mem 0xd99ac000-0xd99ad0ae]
[    0.004045] No NUMA configuration found
[    0.004045] Faking a node at [mem 0x0000000000000000-0x000000101f37ffff]
[    0.004047] NODE_DATA(0) allocated [mem 0x101f37b000-0x101f37ffff]
[    0.004085] Zone ranges:
[    0.004085]   DMA      [mem 0x0000000000001000-0x0000000000ffffff]
[    0.004087]   DMA32    [mem 0x0000000001000000-0x00000000ffffffff]
[    0.004088]   Normal   [mem 0x0000000100000000-0x000000101f37ffff]
[    0.004088]   Device   empty
[    0.004089] Movable zone start for each node
[    0.004089] Early memory node ranges
[    0.004090]   node   0: [mem 0x0000000000001000-0x000000000009ffff]
[    0.004090]   node   0: [mem 0x0000000000100000-0x0000000009d81fff]
[    0.004091]   node   0: [mem 0x000000000a000000-0x000000000a1fffff]
[    0.004091]   node   0: [mem 0x000000000a20e000-0x00000000baefcfff]
[    0.004092]   node   0: [mem 0x00000000baefe000-0x00000000baf2efff]
[    0.004092]   node   0: [mem 0x00000000baf30000-0x00000000d95d8fff]
[    0.004093]   node   0: [mem 0x00000000ddbff000-0x00000000deffffff]
[    0.004093]   node   0: [mem 0x0000000100000000-0x000000101f37ffff]
[    0.004096] Initmem setup node 0 [mem 0x0000000000001000-0x000000101f37ffff]
[    0.004098] On node 0, zone DMA: 1 pages in unavailable ranges
[    0.004108] On node 0, zone DMA: 96 pages in unavailable ranges
[    0.004184] On node 0, zone DMA32: 638 pages in unavailable ranges
[    0.005618] On node 0, zone DMA32: 14 pages in unavailable ranges
[    0.005619] On node 0, zone DMA32: 1 pages in unavailable ranges
[    0.005868] On node 0, zone DMA32: 1 pages in unavailable ranges
[    0.005942] On node 0, zone DMA32: 17958 pages in unavailable ranges
[    0.060135] On node 0, zone Normal: 4096 pages in unavailable ranges
[    0.060153] On node 0, zone Normal: 3200 pages in unavailable ranges
[    0.061006] ACPI: PM-Timer IO Port: 0x808
[    0.061012] ACPI: LAPIC_NMI (acpi_id[0xff] high edge lint[0x1])
[    0.061023] IOAPIC[0]: apic_id 17, version 33, address 0xfec00000, GSI 0-23
[    0.061029] IOAPIC[1]: apic_id 18, version 33, address 0xfec01000, GSI 24-55
[    0.061030] ACPI: INT_SRC_OVR (bus 0 bus_irq 0 global_irq 2 dfl dfl)
[    0.061031] ACPI: INT_SRC_OVR (bus 0 bus_irq 9 global_irq 9 low level)
[    0.061033] ACPI: Using ACPI (MADT) for SMP configuration information
[    0.061034] ACPI: HPET id: 0x10228201 base: 0xfed00000
[    0.061042] e820: update [mem 0xd4b99000-0xd4bf5fff] usable ==> reserved
[    0.061051] smpboot: Allowing 32 CPUs, 16 hotplug CPUs
[    0.061065] PM: hibernation: Registered nosave memory: [mem 0x00000000-0x00000fff]
[    0.061066] PM: hibernation: Registered nosave memory: [mem 0x000a0000-0x000fffff]
[    0.061067] PM: hibernation: Registered nosave memory: [mem 0x09d82000-0x09ffffff]
[    0.061068] PM: hibernation: Registered nosave memory: [mem 0x0a200000-0x0a20dfff]
[    0.061069] PM: hibernation: Registered nosave memory: [mem 0xbaefd000-0xbaefdfff]
[    0.061070] PM: hibernation: Registered nosave memory: [mem 0xbaf2f000-0xbaf2ffff]
[    0.061071] PM: hibernation: Registered nosave memory: [mem 0xd1f4b000-0xd1f4bfff]
[    0.061072] PM: hibernation: Registered nosave memory: [mem 0xd1f69000-0xd1f69fff]
[    0.061072] PM: hibernation: Registered nosave memory: [mem 0xd1f6a000-0xd1f6afff]
[    0.061073] PM: hibernation: Registered nosave memory: [mem 0xd1f77000-0xd1f77fff]
[    0.061074] PM: hibernation: Registered nosave memory: [mem 0xd4b99000-0xd4bf5fff]
[    0.061075] PM: hibernation: Registered nosave memory: [mem 0xd7e12000-0xd7e12fff]
[    0.061076] PM: hibernation: Registered nosave memory: [mem 0xd95d9000-0xd9958fff]
[    0.061076] PM: hibernation: Registered nosave memory: [mem 0xd9959000-0xd99bcfff]
[    0.061076] PM: hibernation: Registered nosave memory: [mem 0xd99bd000-0xdb0bbfff]
[    0.061077] PM: hibernation: Registered nosave memory: [mem 0xdb0bc000-0xddbfefff]
[    0.061078] PM: hibernation: Registered nosave memory: [mem 0xdf000000-0xdfffffff]
[    0.061078] PM: hibernation: Registered nosave memory: [mem 0xe0000000-0xfe9fffff]
[    0.061078] PM: hibernation: Registered nosave memory: [mem 0xfea00000-0xfea0ffff]
[    0.061079] PM: hibernation: Registered nosave memory: [mem 0xfea10000-0xfec0ffff]
[    0.061079] PM: hibernation: Registered nosave memory: [mem 0xfec10000-0xfec10fff]
[    0.061080] PM: hibernation: Registered nosave memory: [mem 0xfec11000-0xfecfffff]
[    0.061080] PM: hibernation: Registered nosave memory: [mem 0xfed00000-0xfed00fff]
[    0.061080] PM: hibernation: Registered nosave memory: [mem 0xfed01000-0xfed3ffff]
[    0.061081] PM: hibernation: Registered nosave memory: [mem 0xfed40000-0xfed44fff]
[    0.061081] PM: hibernation: Registered nosave memory: [mem 0xfed45000-0xfed7ffff]
[    0.061081] PM: hibernation: Registered nosave memory: [mem 0xfed80000-0xfed8ffff]
[    0.061082] PM: hibernation: Registered nosave memory: [mem 0xfed90000-0xfedc1fff]
[    0.061082] PM: hibernation: Registered nosave memory: [mem 0xfedc2000-0xfedcffff]
[    0.061082] PM: hibernation: Registered nosave memory: [mem 0xfedd0000-0xfedd3fff]
[    0.061083] PM: hibernation: Registered nosave memory: [mem 0xfedd4000-0xfedd5fff]
[    0.061083] PM: hibernation: Registered nosave memory: [mem 0xfedd6000-0xffffffff]
[    0.061084] [mem 0xe0000000-0xfe9fffff] available for PCI devices
[    0.061085] Booting paravirtualized kernel on bare hardware
[    0.061087] clocksource: refined-jiffies: mask: 0xffffffff max_cycles: 0xffffffff, max_idle_ns: 6370452778343963 ns
[    0.064084] setup_percpu: NR_CPUS:320 nr_cpumask_bits:32 nr_cpu_ids:32 nr_node_ids:1
[    0.064719] percpu: Embedded 64 pages/cpu s225280 r8192 d28672 u262144
[    0.064723] pcpu-alloc: s225280 r8192 d28672 u262144 alloc=1*2097152
[    0.064724] pcpu-alloc: [0] 00 01 02 03 04 05 06 07 [0] 08 09 10 11 12 13 14 15 
[    0.064729] pcpu-alloc: [0] 16 17 18 19 20 21 22 23 [0] 24 25 26 27 28 29 30 31 
[    0.064744] Kernel command line: initrd=\initramfs-linux-lts.img root=UUID=c0f39b5f-80e1-47c1-9148-c249231ffaa1 rw amdgpu.ppfeaturemask=0xffffffff
[    0.064789] printk: log_buf_len individual max cpu contribution: 4096 bytes
[    0.064789] printk: log_buf_len total cpu_extra contributions: 126976 bytes
[    0.064790] printk: log_buf_len min size: 131072 bytes
[    0.064900] printk: log_buf_len: 262144 bytes
[    0.064901] printk: early log buf free: 112360(85%)
[    0.068377] Dentry cache hash table entries: 8388608 (order: 14, 67108864 bytes, linear)
[    0.070197] Inode-cache hash table entries: 4194304 (order: 13, 33554432 bytes, linear)
[    0.070266] Fallback order for Node 0: 0 
[    0.070268] Built 1 zonelists, mobility grouping on.  Total pages: 16489312
[    0.070269] Policy zone: Normal
[    0.070405] mem auto-init: stack:all(zero), heap alloc:on, heap free:off
[    0.070436] software IO TLB: area num 32.
[    0.146764] Memory: 65593076K/67004844K available (16384K kernel code, 2136K rwdata, 13084K rodata, 3412K init, 3840K bss, 1411512K reserved, 0K cma-reserved)
[    0.146916] SLUB: HWalign=64, Order=0-3, MinObjects=0, CPUs=32, Nodes=1
[    0.146934] ftrace: allocating 48885 entries in 191 pages
[    0.154323] ftrace: allocated 191 pages with 7 groups
[    0.154862] Dynamic Preempt: voluntary
[    0.154923] rcu: Preemptible hierarchical RCU implementation.
[    0.154923] rcu: 	RCU restricting CPUs from NR_CPUS=320 to nr_cpu_ids=32.
[    0.154924] rcu: 	RCU priority boosting: priority 1 delay 500 ms.
[    0.154925] 	Trampoline variant of Tasks RCU enabled.
[    0.154925] 	Rude variant of Tasks RCU enabled.
[    0.154925] 	Tracing variant of Tasks RCU enabled.
[    0.154926] rcu: RCU calculated value of scheduler-enlistment delay is 30 jiffies.
[    0.154926] rcu: Adjusting geometry for rcu_fanout_leaf=16, nr_cpu_ids=32
[    0.156372] NR_IRQS: 20736, nr_irqs: 1224, preallocated irqs: 16
[    0.156546] rcu: srcu_init: Setting srcu_struct sizes based on contention.
[    0.156625] kfence: initialized - using 2097152 bytes for 255 objects at 0x(____ptrval____)-0x(____ptrval____)
[    0.156660] Console: colour dummy device 80x25
[    0.156661] printk: console [tty0] enabled
[    0.156695] ACPI: Core revision 20230628
[    0.156794] clocksource: hpet: mask: 0xffffffff max_cycles: 0xffffffff, max_idle_ns: 133484873504 ns
[    0.156810] APIC: Switch to symmetric I/O mode setup
[    0.157365] AMD-Vi: Using global IVHD EFR:0x0, EFR2:0x0
[    0.474503] x2apic: IRQ remapping doesn't support X2APIC mode
[    0.474522] APIC: Switched APIC routing to: physical flat
[    0.475134] ..TIMER: vector=0x30 apic1=0 pin1=2 apic2=-1 pin2=-1
[    0.490158] clocksource: tsc-early: mask: 0xffffffffffffffff max_cycles: 0x3101aeac88c, max_idle_ns: 440795258186 ns
[    0.490163] Calibrating delay loop (skipped), value calculated using timer frequency.. 6802.98 BogoMIPS (lpj=11332770)
[    0.490175] x86/cpu: User Mode Instruction Prevention (UMIP) activated
[    0.490218] LVT offset 1 assigned for vector 0xf9
[    0.490363] LVT offset 2 assigned for vector 0xf4
[    0.490403] process: using mwait in idle threads
[    0.490405] Last level iTLB entries: 4KB 512, 2MB 512, 4MB 256
[    0.490405] Last level dTLB entries: 4KB 2048, 2MB 2048, 4MB 1024, 1GB 0
[    0.490407] Spectre V1 : Mitigation: usercopy/swapgs barriers and __user pointer sanitization
[    0.490409] Spectre V2 : Mitigation: Retpolines
[    0.490409] Spectre V2 : Spectre v2 / SpectreRSB mitigation: Filling RSB on context switch
[    0.490410] Spectre V2 : Spectre v2 / SpectreRSB : Filling RSB on VMEXIT
[    0.490410] Spectre V2 : Enabling Restricted Speculation for firmware calls
[    0.490411] Spectre V2 : mitigation: Enabling conditional Indirect Branch Prediction Barrier
[    0.490412] Spectre V2 : User space: Mitigation: STIBP always-on protection
[    0.490413] Speculative Store Bypass: Mitigation: Speculative Store Bypass disabled via prctl
[    0.490414] Speculative Return Stack Overflow: IBPB-extending microcode not applied!
[    0.490414] Speculative Return Stack Overflow: WARNING: See https://kernel.org/doc/html/latest/admin-guide/hw-vuln/srso.html for mitigation options.
[    0.490414] Speculative Return Stack Overflow: Vulnerable: Safe RET, no microcode
[    0.490418] x86/fpu: Supporting XSAVE feature 0x001: 'x87 floating point registers'
[    0.490419] x86/fpu: Supporting XSAVE feature 0x002: 'SSE registers'
[    0.490419] x86/fpu: Supporting XSAVE feature 0x004: 'AVX registers'
[    0.490420] x86/fpu: Supporting XSAVE feature 0x200: 'Protection Keys User registers'
[    0.490420] x86/fpu: Supporting XSAVE feature 0x800: 'Control-flow User registers'
[    0.490421] x86/fpu: xstate_offset[2]:  576, xstate_sizes[2]:  256
[    0.490422] x86/fpu: xstate_offset[9]:  832, xstate_sizes[9]:    8
[    0.490422] x86/fpu: xstate_offset[11]:  840, xstate_sizes[11]:   16
[    0.490423] x86/fpu: Enabled xstate features 0xa07, context size is 856 bytes, using 'compacted' format.
[    0.507572] Freeing SMP alternatives memory: 40K
[    0.507575] pid_max: default: 32768 minimum: 301
[    0.510910] LSM: initializing lsm=capability,landlock,lockdown,yama,bpf,integrity
[    0.510934] landlock: Up and running.
[    0.510935] Yama: becoming mindful.
[    0.510939] LSM support for eBPF active
[    0.511019] Mount-cache hash table entries: 131072 (order: 8, 1048576 bytes, linear)
[    0.511079] Mountpoint-cache hash table entries: 131072 (order: 8, 1048576 bytes, linear)
[    0.619941] smpboot: CPU0: AMD Ryzen 7 5800X3D 8-Core Processor (family: 0x19, model: 0x21, stepping: 0x2)
[    0.620099] RCU Tasks: Setting shift to 5 and lim to 1 rcu_task_cb_adjust=1.
[    0.620111] RCU Tasks Rude: Setting shift to 5 and lim to 1 rcu_task_cb_adjust=1.
[    0.620127] RCU Tasks Trace: Setting shift to 5 and lim to 1 rcu_task_cb_adjust=1.
[    0.620140] Performance Events: Fam17h+ core perfctr, AMD PMU driver.
[    0.620144] ... version:                0
[    0.620145] ... bit width:              48
[    0.620146] ... generic registers:      6
[    0.620147] ... value mask:             0000ffffffffffff
[    0.620148] ... max period:             00007fffffffffff
[    0.620148] ... fixed-purpose events:   0
[    0.620149] ... event mask:             000000000000003f
[    0.620161] signal: max sigframe size: 3376
[    0.620161] rcu: Hierarchical SRCU implementation.
[    0.620161] rcu: 	Max phase no-delay instances is 1000.
[    0.620161] NMI watchdog: Enabled. Permanently consumes one hw-PMU counter.
[    0.620161] smp: Bringing up secondary CPUs ...
[    0.620161] smpboot: x86: Booting SMP configuration:
[    0.620161] .... node  #0, CPUs:        #1  #2  #3  #4  #5  #6  #7  #8  #9 #10 #11 #12 #13 #14 #15
[    0.640265] Spectre V2 : Update user space SMT mitigation: STIBP always-on
[    0.655496] smp: Brought up 1 node, 16 CPUs
[    0.655496] smpboot: Max logical packages: 2
[    0.655496] smpboot: Total of 16 processors activated (108838.70 BogoMIPS)
[    0.657855] devtmpfs: initialized
[    0.657855] x86/mm: Memory block size: 2048MB
[    0.657855] ACPI: PM: Registering ACPI NVS region [mem 0x0a200000-0x0a20dfff] (57344 bytes)
[    0.657855] ACPI: PM: Registering ACPI NVS region [mem 0xd99bd000-0xdb0bbfff] (24113152 bytes)
[    0.657855] clocksource: jiffies: mask: 0xffffffff max_cycles: 0xffffffff, max_idle_ns: 6370867519511994 ns
[    0.657855] futex hash table entries: 8192 (order: 7, 524288 bytes, linear)
[    0.657855] pinctrl core: initialized pinctrl subsystem
[    0.657855] PM: RTC time: 20:39:25, date: 2024-03-23
[    0.660335] NET: Registered PF_NETLINK/PF_ROUTE protocol family
[    0.660589] DMA: preallocated 4096 KiB GFP_KERNEL pool for atomic allocations
[    0.660722] DMA: preallocated 4096 KiB GFP_KERNEL|GFP_DMA pool for atomic allocations
[    0.660855] DMA: preallocated 4096 KiB GFP_KERNEL|GFP_DMA32 pool for atomic allocations
[    0.660872] audit: initializing netlink subsys (disabled)
[    0.660881] audit: type=2000 audit(1711226364.189:1): state=initialized audit_enabled=0 res=1
[    0.660881] thermal_sys: Registered thermal governor 'fair_share'
[    0.660881] thermal_sys: Registered thermal governor 'bang_bang'
[    0.660881] thermal_sys: Registered thermal governor 'step_wise'
[    0.660881] thermal_sys: Registered thermal governor 'user_space'
[    0.660881] thermal_sys: Registered thermal governor 'power_allocator'
[    0.660881] cpuidle: using governor ladder
[    0.660881] cpuidle: using governor menu
[    0.660881] Detected 1 PCC Subspaces
[    0.660881] Registering PCC driver as Mailbox controller
[    0.660881] acpiphp: ACPI Hot Plug PCI Controller Driver version: 0.5
[    0.660881] PCI: MMCONFIG for domain 0000 [bus 00-7f] at [mem 0xf0000000-0xf7ffffff] (base 0xf0000000)
[    0.660881] PCI: not using MMCONFIG
[    0.660881] PCI: Using configuration type 1 for base access
[    0.660881] PCI: Using configuration type 1 for extended access
[    0.660881] kprobes: kprobe jump-optimization is enabled. All kprobes are optimized if possible.
[    0.663630] HugeTLB: registered 1.00 GiB page size, pre-allocated 0 pages
[    0.663631] HugeTLB: 16380 KiB vmemmap can be freed for a 1.00 GiB page
[    0.663633] HugeTLB: registered 2.00 MiB page size, pre-allocated 0 pages
[    0.663634] HugeTLB: 28 KiB vmemmap can be freed for a 2.00 MiB page
[    0.664837] ACPI: Added _OSI(Module Device)
[    0.664837] ACPI: Added _OSI(Processor Device)
[    0.664837] ACPI: Added _OSI(3.0 _SCP Extensions)
[    0.664837] ACPI: Added _OSI(Processor Aggregator Device)
[    0.688513] ACPI: 9 ACPI AML tables successfully acquired and loaded
[    0.690874] ACPI: [Firmware Bug]: BIOS _OSI(Linux) query ignored
[    0.694856] ACPI: _OSC evaluation for CPUs failed, trying _PDC
[    0.694856] ACPI: Interpreter enabled
[    0.694856] ACPI: PM: (supports S0 S3 S4 S5)
[    0.694856] ACPI: Using IOAPIC for interrupt routing
[    0.695505] PCI: MMCONFIG for domain 0000 [bus 00-7f] at [mem 0xf0000000-0xf7ffffff] (base 0xf0000000)
[    0.695557] PCI: MMCONFIG at [mem 0xf0000000-0xf7ffffff] reserved as ACPI motherboard resource
[    0.695568] PCI: Using host bridge windows from ACPI; if necessary, use "pci=nocrs" and report a bug
[    0.695569] PCI: Ignoring E820 reservations for host bridge windows
[    0.696126] ACPI: Enabled 2 GPEs in block 00 to 1F
[    0.710634] ACPI: PCI Root Bridge [PCI0] (domain 0000 [bus 00-ff])
[    0.710639] acpi PNP0A08:00: _OSC: OS supports [ExtendedConfig ASPM ClockPM Segments MSI EDR HPX-Type3]
[    0.710760] acpi PNP0A08:00: _OSC: platform does not support [SHPCHotplug LTR DPC]
[    0.710980] acpi PNP0A08:00: _OSC: OS now controls [PCIeHotplug PME AER PCIeCapability]
[    0.710990] acpi PNP0A08:00: [Firmware Info]: MMCONFIG for domain 0000 [bus 00-7f] only partially covers this bridge
[    0.711570] PCI host bridge to bus 0000:00
[    0.711571] pci_bus 0000:00: root bus resource [io  0x0000-0x03af window]
[    0.711573] pci_bus 0000:00: root bus resource [io  0x03e0-0x0cf7 window]
[    0.711574] pci_bus 0000:00: root bus resource [io  0x03b0-0x03df window]
[    0.711576] pci_bus 0000:00: root bus resource [io  0x0d00-0xffff window]
[    0.711577] pci_bus 0000:00: root bus resource [mem 0x000a0000-0x000dffff window]
[    0.711579] pci_bus 0000:00: root bus resource [mem 0xe0000000-0xfcffffff window]
[    0.711580] pci_bus 0000:00: root bus resource [mem 0x1020000000-0x7fffffffff window]
[    0.711581] pci_bus 0000:00: root bus resource [bus 00-ff]
[    0.711596] pci 0000:00:00.0: [1022:1480] type 00 class 0x060000
[    0.711702] pci 0000:00:00.2: [1022:1481] type 00 class 0x080600
[    0.711806] pci 0000:00:01.0: [1022:1482] type 00 class 0x060000
[    0.711869] pci 0000:00:01.1: [1022:1483] type 01 class 0x060400
[    0.711943] pci 0000:00:01.1: PME# supported from D0 D3hot D3cold
[    0.712092] pci 0000:00:01.2: [1022:1483] type 01 class 0x060400
[    0.712166] pci 0000:00:01.2: PME# supported from D0 D3hot D3cold
[    0.712341] pci 0000:00:02.0: [1022:1482] type 00 class 0x060000
[    0.712407] pci 0000:00:03.0: [1022:1482] type 00 class 0x060000
[    0.712469] pci 0000:00:03.2: [1022:1483] type 01 class 0x060400
[    0.712543] pci 0000:00:03.2: PME# supported from D0 D3hot D3cold
[    0.712690] pci 0000:00:03.4: [1022:1483] type 01 class 0x060400
[    0.712763] pci 0000:00:03.4: PME# supported from D0 D3hot D3cold
[    0.712904] pci 0000:00:04.0: [1022:1482] type 00 class 0x060000
[    0.712969] pci 0000:00:05.0: [1022:1482] type 00 class 0x060000
[    0.713034] pci 0000:00:07.0: [1022:1482] type 00 class 0x060000
[    0.713095] pci 0000:00:07.1: [1022:1484] type 01 class 0x060400
[    0.713159] pci 0000:00:07.1: PME# supported from D0 D3hot D3cold
[    0.713286] pci 0000:00:08.0: [1022:1482] type 00 class 0x060000
[    0.713348] pci 0000:00:08.1: [1022:1484] type 01 class 0x060400
[    0.713417] pci 0000:00:08.1: PME# supported from D0 D3hot D3cold
[    0.713576] pci 0000:00:14.0: [1022:790b] type 00 class 0x0c0500
[    0.713703] pci 0000:00:14.3: [1022:790e] type 00 class 0x060100
[    0.713847] pci 0000:00:18.0: [1022:1440] type 00 class 0x060000
[    0.713882] pci 0000:00:18.1: [1022:1441] type 00 class 0x060000
[    0.713916] pci 0000:00:18.2: [1022:1442] type 00 class 0x060000
[    0.713950] pci 0000:00:18.3: [1022:1443] type 00 class 0x060000
[    0.713985] pci 0000:00:18.4: [1022:1444] type 00 class 0x060000
[    0.714019] pci 0000:00:18.5: [1022:1445] type 00 class 0x060000
[    0.714053] pci 0000:00:18.6: [1022:1446] type 00 class 0x060000
[    0.714089] pci 0000:00:18.7: [1022:1447] type 00 class 0x060000
[    0.714200] pci 0000:01:00.0: [1bb1:5018] type 00 class 0x010802
[    0.714246] pci 0000:01:00.0: reg 0x10: [mem 0xfcf00000-0xfcf03fff 64bit]
[    0.715029] pci 0000:00:01.1: PCI bridge to [bus 01]
[    0.715034] pci 0000:00:01.1:   bridge window [mem 0xfcf00000-0xfcffffff]
[    0.715093] pci 0000:20:00.0: [1022:57ad] type 01 class 0x060400
[    0.715232] pci 0000:20:00.0: PME# supported from D0 D3hot D3cold
[    0.715338] pci 0000:20:00.0: 63.012 Gb/s available PCIe bandwidth, limited by 16.0 GT/s PCIe x4 link at 0000:00:01.2 (capable of 126.024 Gb/s with 16.0 GT/s PCIe x8 link)
[    0.715490] pci 0000:00:01.2: PCI bridge to [bus 20-2c]
[    0.715494] pci 0000:00:01.2:   bridge window [io  0xf000-0xffff]
[    0.715496] pci 0000:00:01.2:   bridge window [mem 0xfc200000-0xfc9fffff]
[    0.715771] pci 0000:21:01.0: [1022:57a3] type 01 class 0x060400
[    0.716080] pci 0000:21:01.0: PME# supported from D0 D3hot D3cold
[    0.716602] pci 0000:21:03.0: [1022:57a3] type 01 class 0x060400
[    0.716914] pci 0000:21:03.0: PME# supported from D0 D3hot D3cold
[    0.717433] pci 0000:21:04.0: [1022:57a3] type 01 class 0x060400
[    0.717742] pci 0000:21:04.0: PME# supported from D0 D3hot D3cold
[    0.718261] pci 0000:21:08.0: [1022:57a4] type 01 class 0x060400
[    0.718518] pci 0000:21:08.0: PME# supported from D0 D3hot D3cold
[    0.718787] pci 0000:21:09.0: [1022:57a4] type 01 class 0x060400
[    0.719019] pci 0000:21:09.0: PME# supported from D0 D3hot D3cold
[    0.719249] pci 0000:21:0a.0: [1022:57a4] type 01 class 0x060400
[    0.719502] pci 0000:21:0a.0: PME# supported from D0 D3hot D3cold
[    0.719740] pci 0000:20:00.0: PCI bridge to [bus 21-2c]
[    0.719747] pci 0000:20:00.0:   bridge window [io  0xf000-0xffff]
[    0.719751] pci 0000:20:00.0:   bridge window [mem 0xfc200000-0xfc9fffff]
[    0.719869] pci 0000:23:00.0: [12d8:2308] type 01 class 0x060400
[    0.720055] pci 0000:23:00.0: supports D1 D2
[    0.720056] pci 0000:23:00.0: PME# supported from D0 D1 D2 D3hot D3cold
[    0.720278] pci 0000:21:01.0: PCI bridge to [bus 23-26]
[    0.720288] pci 0000:21:01.0:   bridge window [mem 0xfc400000-0xfc5fffff]
[    0.720373] pci 0000:24:01.0: [12d8:2308] type 01 class 0x060400
[    0.720559] pci 0000:24:01.0: supports D1 D2
[    0.720561] pci 0000:24:01.0: PME# supported from D0 D1 D2 D3hot D3cold
[    0.720760] pci 0000:24:02.0: [12d8:2308] type 01 class 0x060400
[    0.720947] pci 0000:24:02.0: supports D1 D2
[    0.720948] pci 0000:24:02.0: PME# supported from D0 D1 D2 D3hot D3cold
[    0.721167] pci 0000:23:00.0: PCI bridge to [bus 24-26]
[    0.721178] pci 0000:23:00.0:   bridge window [mem 0xfc400000-0xfc5fffff]
[    0.721268] pci 0000:25:00.0: [1cd7:0007] type 00 class 0x040000
[    0.721295] pci 0000:25:00.0: reg 0x10: [mem 0xfc500000-0xfc50ffff]
[    0.721468] pci 0000:25:00.0: PME# supported from D0 D1 D2 D3hot
[    0.721584] pci 0000:24:01.0: PCI bridge to [bus 25]
[    0.721595] pci 0000:24:01.0:   bridge window [mem 0xfc500000-0xfc5fffff]
[    0.721686] pci 0000:26:00.0: [1cd7:0007] type 00 class 0x040000
[    0.721713] pci 0000:26:00.0: reg 0x10: [mem 0xfc400000-0xfc40ffff]
[    0.721886] pci 0000:26:00.0: PME# supported from D0 D1 D2 D3hot
[    0.722001] pci 0000:24:02.0: PCI bridge to [bus 26]
[    0.722012] pci 0000:24:02.0:   bridge window [mem 0xfc400000-0xfc4fffff]
[    0.722156] pci 0000:27:00.0: [1b21:3241] type 00 class 0x0c0330
[    0.722187] pci 0000:27:00.0: reg 0x10: [mem 0xfc900000-0xfc907fff 64bit]
[    0.722364] pci 0000:27:00.0: PME# supported from D0 D3hot D3cold
[    0.722466] pci 0000:27:00.0: 15.752 Gb/s available PCIe bandwidth, limited by 8.0 GT/s PCIe x2 link at 0000:21:03.0 (capable of 31.504 Gb/s with 8.0 GT/s PCIe x4 link)
[    0.722601] pci 0000:21:03.0: PCI bridge to [bus 27]
[    0.722611] pci 0000:21:03.0:   bridge window [mem 0xfc900000-0xfc9fffff]
[    0.722731] pci 0000:28:00.0: [10ec:8125] type 00 class 0x020000
[    0.722754] pci 0000:28:00.0: reg 0x10: [io  0xf000-0xf0ff]
[    0.722782] pci 0000:28:00.0: reg 0x18: [mem 0xfc800000-0xfc80ffff 64bit]
[    0.722800] pci 0000:28:00.0: reg 0x20: [mem 0xfc810000-0xfc813fff 64bit]
[    0.722953] pci 0000:28:00.0: supports D1 D2
[    0.722954] pci 0000:28:00.0: PME# supported from D0 D1 D2 D3hot D3cold
[    0.723282] pci 0000:21:04.0: PCI bridge to [bus 28]
[    0.723289] pci 0000:21:04.0:   bridge window [io  0xf000-0xffff]
[    0.723293] pci 0000:21:04.0:   bridge window [mem 0xfc800000-0xfc8fffff]
[    0.723423] pci 0000:2a:00.0: [1022:1485] type 00 class 0x130000
[    0.723684] pci 0000:2a:00.0: 63.012 Gb/s available PCIe bandwidth, limited by 16.0 GT/s PCIe x4 link at 0000:00:01.2 (capable of 252.048 Gb/s with 16.0 GT/s PCIe x16 link)
[    0.723908] pci 0000:2a:00.1: [1022:149c] type 00 class 0x0c0330
[    0.724211] pci 0000:2a:00.1: reg 0x10: [mem 0xfc300000-0xfc3fffff 64bit]
[    0.725466] pci 0000:2a:00.1: PME# supported from D0 D3hot D3cold
[    0.725901] pci 0000:2a:00.3: [1022:149c] type 00 class 0x0c0330
[    0.725927] pci 0000:2a:00.3: reg 0x10: [mem 0xfc200000-0xfc2fffff 64bit]
[    0.726061] pci 0000:2a:00.3: PME# supported from D0 D3hot D3cold
[    0.726231] pci 0000:21:08.0: PCI bridge to [bus 2a]
[    0.726240] pci 0000:21:08.0:   bridge window [mem 0xfc200000-0xfc3fffff]
[    0.726343] pci 0000:2b:00.0: [1022:7901] type 00 class 0x010601
[    0.726414] pci 0000:2b:00.0: reg 0x24: [mem 0xfc700000-0xfc7007ff]
[    0.726531] pci 0000:2b:00.0: PME# supported from D3hot D3cold
[    0.726626] pci 0000:2b:00.0: 63.012 Gb/s available PCIe bandwidth, limited by 16.0 GT/s PCIe x4 link at 0000:00:01.2 (capable of 252.048 Gb/s with 16.0 GT/s PCIe x16 link)
[    0.726725] pci 0000:21:09.0: PCI bridge to [bus 2b]
[    0.726734] pci 0000:21:09.0:   bridge window [mem 0xfc700000-0xfc7fffff]
[    0.726838] pci 0000:2c:00.0: [1022:7901] type 00 class 0x010601
[    0.726909] pci 0000:2c:00.0: reg 0x24: [mem 0xfc600000-0xfc6007ff]
[    0.727026] pci 0000:2c:00.0: PME# supported from D3hot D3cold
[    0.727120] pci 0000:2c:00.0: 63.012 Gb/s available PCIe bandwidth, limited by 16.0 GT/s PCIe x4 link at 0000:00:01.2 (capable of 252.048 Gb/s with 16.0 GT/s PCIe x16 link)
[    0.727218] pci 0000:21:0a.0: PCI bridge to [bus 2c]
[    0.727227] pci 0000:21:0a.0:   bridge window [mem 0xfc600000-0xfc6fffff]
[    0.727327] pci 0000:2d:00.0: [1002:1478] type 01 class 0x060400
[    0.727341] pci 0000:2d:00.0: reg 0x10: [mem 0xfcc00000-0xfcc03fff]
[    0.727447] pci 0000:2d:00.0: PME# supported from D0 D3hot D3cold
[    0.727521] pci 0000:2d:00.0: 126.024 Gb/s available PCIe bandwidth, limited by 16.0 GT/s PCIe x8 link at 0000:00:03.2 (capable of 252.048 Gb/s with 16.0 GT/s PCIe x16 link)
[    0.727605] pci 0000:00:03.2: PCI bridge to [bus 2d-2f]
[    0.727608] pci 0000:00:03.2:   bridge window [io  0xe000-0xefff]
[    0.727611] pci 0000:00:03.2:   bridge window [mem 0xfca00000-0xfccfffff]
[    0.727615] pci 0000:00:03.2:   bridge window [mem 0x7800000000-0x7c0fffffff 64bit pref]
[    0.727662] pci 0000:2e:00.0: [1002:1479] type 01 class 0x060400
[    0.727781] pci 0000:2e:00.0: PME# supported from D0 D3hot D3cold
[    0.727942] pci 0000:2d:00.0: PCI bridge to [bus 2e-2f]
[    0.727947] pci 0000:2d:00.0:   bridge window [io  0xe000-0xefff]
[    0.727950] pci 0000:2d:00.0:   bridge window [mem 0xfca00000-0xfcbfffff]
[    0.727955] pci 0000:2d:00.0:   bridge window [mem 0x7800000000-0x7c0fffffff 64bit pref]
[    0.728003] pci 0000:2f:00.0: [1002:73a5] type 00 class 0x030000
[    0.728021] pci 0000:2f:00.0: reg 0x10: [mem 0x7800000000-0x7bffffffff 64bit pref]
[    0.728033] pci 0000:2f:00.0: reg 0x18: [mem 0x7c00000000-0x7c0fffffff 64bit pref]
[    0.728041] pci 0000:2f:00.0: reg 0x20: [io  0xe000-0xe0ff]
[    0.728050] pci 0000:2f:00.0: reg 0x24: [mem 0xfca00000-0xfcafffff]
[    0.728058] pci 0000:2f:00.0: reg 0x30: [mem 0xfcb00000-0xfcb1ffff pref]
[    0.728083] pci 0000:2f:00.0: BAR 0: assigned to efifb
[    0.728152] pci 0000:2f:00.0: PME# supported from D1 D2 D3hot D3cold
[    0.728243] pci 0000:2f:00.0: 126.024 Gb/s available PCIe bandwidth, limited by 16.0 GT/s PCIe x8 link at 0000:00:03.2 (capable of 252.048 Gb/s with 16.0 GT/s PCIe x16 link)
[    0.728324] pci 0000:2f:00.1: [1002:ab28] type 00 class 0x040300
[    0.728336] pci 0000:2f:00.1: reg 0x10: [mem 0xfcb20000-0xfcb23fff]
[    0.728428] pci 0000:2f:00.1: PME# supported from D1 D2 D3hot D3cold
[    0.728544] pci 0000:2e:00.0: PCI bridge to [bus 2f]
[    0.728549] pci 0000:2e:00.0:   bridge window [io  0xe000-0xefff]
[    0.728552] pci 0000:2e:00.0:   bridge window [mem 0xfca00000-0xfcbfffff]
[    0.728557] pci 0000:2e:00.0:   bridge window [mem 0x7800000000-0x7c0fffffff 64bit pref]
[    0.728642] pci 0000:30:00.0: [1bb1:5018] type 00 class 0x010802
[    0.728688] pci 0000:30:00.0: reg 0x10: [mem 0xfce00000-0xfce03fff 64bit]
[    0.729460] pci 0000:00:03.4: PCI bridge to [bus 30]
[    0.729464] pci 0000:00:03.4:   bridge window [mem 0xfce00000-0xfcefffff]
[    0.729512] pci 0000:31:00.0: [1022:148a] type 00 class 0x130000
[    0.729702] pci 0000:00:07.1: PCI bridge to [bus 31]
[    0.729768] pci 0000:32:00.0: [1022:1485] type 00 class 0x130000
[    0.729958] pci 0000:32:00.3: [1022:149c] type 00 class 0x0c0330
[    0.729972] pci 0000:32:00.3: reg 0x10: [mem 0xfcd00000-0xfcdfffff 64bit]
[    0.730048] pci 0000:32:00.3: PME# supported from D0 D3hot D3cold
[    0.730179] pci 0000:00:08.1: PCI bridge to [bus 32]
[    0.730184] pci 0000:00:08.1:   bridge window [mem 0xfcd00000-0xfcdfffff]
[    0.730645] ACPI: PCI: Interrupt link LNKA configured for IRQ 0
[    0.730714] ACPI: PCI: Interrupt link LNKB configured for IRQ 0
[    0.730774] ACPI: PCI: Interrupt link LNKC configured for IRQ 0
[    0.730846] ACPI: PCI: Interrupt link LNKD configured for IRQ 0
[    0.730912] ACPI: PCI: Interrupt link LNKE configured for IRQ 0
[    0.730967] ACPI: PCI: Interrupt link LNKF configured for IRQ 0
[    0.731022] ACPI: PCI: Interrupt link LNKG configured for IRQ 0
[    0.731077] ACPI: PCI: Interrupt link LNKH configured for IRQ 0
[    0.733504] iommu: Default domain type: Translated
[    0.733504] iommu: DMA domain TLB invalidation policy: lazy mode
[    0.733673] SCSI subsystem initialized
[    0.733684] libata version 3.00 loaded.
[    0.733684] ACPI: bus type USB registered
[    0.733684] usbcore: registered new interface driver usbfs
[    0.733684] usbcore: registered new interface driver hub
[    0.733684] usbcore: registered new device driver usb
[    0.733684] pps_core: LinuxPPS API ver. 1 registered
[    0.733684] pps_core: Software ver. 5.3.6 - Copyright 2005-2007 Rodolfo Giometti <giometti@linux.it>
[    0.733684] PTP clock support registered
[    0.733684] EDAC MC: Ver: 3.0.0
[    0.733758] efivars: Registered efivars operations
[    0.733758] NetLabel: Initializing
[    0.733758] NetLabel:  domain hash size = 128
[    0.733758] NetLabel:  protocols = UNLABELED CIPSOv4 CALIPSO
[    0.733758] NetLabel:  unlabeled traffic allowed by default
[    0.733758] mctp: management component transport protocol core
[    0.733758] NET: Registered PF_MCTP protocol family
[    0.733758] PCI: Using ACPI for IRQ routing
[    0.736430] PCI: pci_cache_line_size set to 64 bytes
[    0.736566] e820: reserve RAM buffer [mem 0x09d82000-0x0bffffff]
[    0.736567] e820: reserve RAM buffer [mem 0x0a200000-0x0bffffff]
[    0.736568] e820: reserve RAM buffer [mem 0xbaefd000-0xbbffffff]
[    0.736570] e820: reserve RAM buffer [mem 0xbaf2f000-0xbbffffff]
[    0.736570] e820: reserve RAM buffer [mem 0xd1f4b018-0xd3ffffff]
[    0.736571] e820: reserve RAM buffer [mem 0xd1f6a018-0xd3ffffff]
[    0.736572] e820: reserve RAM buffer [mem 0xd4b99000-0xd7ffffff]
[    0.736573] e820: reserve RAM buffer [mem 0xd7e12000-0xd7ffffff]
[    0.736574] e820: reserve RAM buffer [mem 0xd95d9000-0xdbffffff]
[    0.736576] e820: reserve RAM buffer [mem 0xdf000000-0xdfffffff]
[    0.736576] e820: reserve RAM buffer [mem 0x101f380000-0x101fffffff]
[    0.736847] pci 0000:2f:00.0: vgaarb: setting as boot VGA device
[    0.736847] pci 0000:2f:00.0: vgaarb: bridge control possible
[    0.736847] pci 0000:2f:00.0: vgaarb: VGA device added: decodes=io+mem,owns=none,locks=none
[    0.736847] vgaarb: loaded
[    0.736860] hpet0: at MMIO 0xfed00000, IRQs 2, 8, 0
[    0.736866] hpet0: 3 comparators, 32-bit 14.318180 MHz counter
[    0.741236] clocksource: Switched to clocksource tsc-early
[    0.742046] VFS: Disk quotas dquot_6.6.0
[    0.742060] VFS: Dquot-cache hash table entries: 512 (order 0, 4096 bytes)
[    0.742127] pnp: PnP ACPI init
[    0.742220] system 00:00: [mem 0xf0000000-0xf7ffffff] has been reserved
[    0.742341] system 00:01: [mem 0xfd100000-0xfd1fffff] has been reserved
[    0.742585] system 00:03: [io  0x0a00-0x0a0f] has been reserved
[    0.742587] system 00:03: [io  0x0a10-0x0a1f] has been reserved
[    0.742589] system 00:03: [io  0x0a20-0x0a2f] has been reserved
[    0.742590] system 00:04: [io  0x04d0-0x04d1] has been reserved
[    0.742590] system 00:04: [io  0x040b] has been reserved
[    0.742590] system 00:04: [io  0x04d6] has been reserved
[    0.742590] system 00:04: [io  0x0c00-0x0c01] has been reserved
[    0.742590] system 00:04: [io  0x0c14] has been reserved
[    0.742590] system 00:04: [io  0x0c50-0x0c51] has been reserved
[    0.742590] system 00:04: [io  0x0c52] has been reserved
[    0.742590] system 00:04: [io  0x0c6c] has been reserved
[    0.742590] system 00:04: [io  0x0c6f] has been reserved
[    0.742590] system 00:04: [io  0x0cd8-0x0cdf] has been reserved
[    0.742590] system 00:04: [io  0x0800-0x089f] has been reserved
[    0.742590] system 00:04: [io  0x0b00-0x0b0f] has been reserved
[    0.742590] system 00:04: [io  0x0b20-0x0b3f] has been reserved
[    0.742590] system 00:04: [io  0x0900-0x090f] has been reserved
[    0.742590] system 00:04: [io  0x0910-0x091f] has been reserved
[    0.742590] system 00:04: [mem 0xfec00000-0xfec00fff] could not be reserved
[    0.742590] system 00:04: [mem 0xfec01000-0xfec01fff] could not be reserved
[    0.742590] system 00:04: [mem 0xfedc0000-0xfedc0fff] has been reserved
[    0.742590] system 00:04: [mem 0xfee00000-0xfee00fff] has been reserved
[    0.742590] system 00:04: [mem 0xfed80000-0xfed8ffff] could not be reserved
[    0.742590] system 00:04: [mem 0xfec10000-0xfec10fff] has been reserved
[    0.742590] system 00:04: [mem 0xff000000-0xffffffff] has been reserved
[    0.742596] pnp: PnP ACPI: found 5 devices
[    0.748297] clocksource: acpi_pm: mask: 0xffffff max_cycles: 0xffffff, max_idle_ns: 2085701024 ns
[    0.748375] NET: Registered PF_INET protocol family
[    0.748467] IP idents hash table entries: 262144 (order: 9, 2097152 bytes, linear)
[    0.750192] tcp_listen_portaddr_hash hash table entries: 32768 (order: 7, 524288 bytes, linear)
[    0.750226] Table-perturb hash table entries: 65536 (order: 6, 262144 bytes, linear)
[    0.750360] TCP established hash table entries: 524288 (order: 10, 4194304 bytes, linear)
[    0.750672] TCP bind hash table entries: 65536 (order: 9, 2097152 bytes, linear)
[    0.750756] TCP: Hash tables configured (established 524288 bind 65536)
[    0.750887] MPTCP token hash table entries: 65536 (order: 8, 1572864 bytes, linear)
[    0.750962] UDP hash table entries: 32768 (order: 8, 1048576 bytes, linear)
[    0.751054] UDP-Lite hash table entries: 32768 (order: 8, 1048576 bytes, linear)
[    0.751160] NET: Registered PF_UNIX/PF_LOCAL protocol family
[    0.751165] NET: Registered PF_XDP protocol family
[    0.751176] pci 0000:00:01.1: PCI bridge to [bus 01]
[    0.751180] pci 0000:00:01.1:   bridge window [mem 0xfcf00000-0xfcffffff]
[    0.751186] pci 0000:24:01.0: PCI bridge to [bus 25]
[    0.751192] pci 0000:24:01.0:   bridge window [mem 0xfc500000-0xfc5fffff]
[    0.751203] pci 0000:24:02.0: PCI bridge to [bus 26]
[    0.751209] pci 0000:24:02.0:   bridge window [mem 0xfc400000-0xfc4fffff]
[    0.751220] pci 0000:23:00.0: PCI bridge to [bus 24-26]
[    0.751226] pci 0000:23:00.0:   bridge window [mem 0xfc400000-0xfc5fffff]
[    0.751237] pci 0000:21:01.0: PCI bridge to [bus 23-26]
[    0.751242] pci 0000:21:01.0:   bridge window [mem 0xfc400000-0xfc5fffff]
[    0.751252] pci 0000:21:03.0: PCI bridge to [bus 27]
[    0.751257] pci 0000:21:03.0:   bridge window [mem 0xfc900000-0xfc9fffff]
[    0.751267] pci 0000:21:04.0: PCI bridge to [bus 28]
[    0.751269] pci 0000:21:04.0:   bridge window [io  0xf000-0xffff]
[    0.751274] pci 0000:21:04.0:   bridge window [mem 0xfc800000-0xfc8fffff]
[    0.751284] pci 0000:21:08.0: PCI bridge to [bus 2a]
[    0.751289] pci 0000:21:08.0:   bridge window [mem 0xfc200000-0xfc3fffff]
[    0.751299] pci 0000:21:09.0: PCI bridge to [bus 2b]
[    0.751304] pci 0000:21:09.0:   bridge window [mem 0xfc700000-0xfc7fffff]
[    0.751313] pci 0000:21:0a.0: PCI bridge to [bus 2c]
[    0.751318] pci 0000:21:0a.0:   bridge window [mem 0xfc600000-0xfc6fffff]
[    0.751328] pci 0000:20:00.0: PCI bridge to [bus 21-2c]
[    0.751330] pci 0000:20:00.0:   bridge window [io  0xf000-0xffff]
[    0.751335] pci 0000:20:00.0:   bridge window [mem 0xfc200000-0xfc9fffff]
[    0.751345] pci 0000:00:01.2: PCI bridge to [bus 20-2c]
[    0.751346] pci 0000:00:01.2:   bridge window [io  0xf000-0xffff]
[    0.751349] pci 0000:00:01.2:   bridge window [mem 0xfc200000-0xfc9fffff]
[    0.751355] pci 0000:2e:00.0: PCI bridge to [bus 2f]
[    0.751357] pci 0000:2e:00.0:   bridge window [io  0xe000-0xefff]
[    0.751361] pci 0000:2e:00.0:   bridge window [mem 0xfca00000-0xfcbfffff]
[    0.751364] pci 0000:2e:00.0:   bridge window [mem 0x7800000000-0x7c0fffffff 64bit pref]
[    0.751369] pci 0000:2d:00.0: PCI bridge to [bus 2e-2f]
[    0.751371] pci 0000:2d:00.0:   bridge window [io  0xe000-0xefff]
[    0.751376] pci 0000:2d:00.0:   bridge window [mem 0xfca00000-0xfcbfffff]
[    0.751379] pci 0000:2d:00.0:   bridge window [mem 0x7800000000-0x7c0fffffff 64bit pref]
[    0.751384] pci 0000:00:03.2: PCI bridge to [bus 2d-2f]
[    0.751386] pci 0000:00:03.2:   bridge window [io  0xe000-0xefff]
[    0.751389] pci 0000:00:03.2:   bridge window [mem 0xfca00000-0xfccfffff]
[    0.751391] pci 0000:00:03.2:   bridge window [mem 0x7800000000-0x7c0fffffff 64bit pref]
[    0.751395] pci 0000:00:03.4: PCI bridge to [bus 30]
[    0.751398] pci 0000:00:03.4:   bridge window [mem 0xfce00000-0xfcefffff]
[    0.751402] pci 0000:00:07.1: PCI bridge to [bus 31]
[    0.751409] pci 0000:00:08.1: PCI bridge to [bus 32]
[    0.751412] pci 0000:00:08.1:   bridge window [mem 0xfcd00000-0xfcdfffff]
[    0.751417] pci_bus 0000:00: resource 4 [io  0x0000-0x03af window]
[    0.751418] pci_bus 0000:00: resource 5 [io  0x03e0-0x0cf7 window]
[    0.751420] pci_bus 0000:00: resource 6 [io  0x03b0-0x03df window]
[    0.751421] pci_bus 0000:00: resource 7 [io  0x0d00-0xffff window]
[    0.751422] pci_bus 0000:00: resource 8 [mem 0x000a0000-0x000dffff window]
[    0.751423] pci_bus 0000:00: resource 9 [mem 0xe0000000-0xfcffffff window]
[    0.751425] pci_bus 0000:00: resource 10 [mem 0x1020000000-0x7fffffffff window]
[    0.751426] pci_bus 0000:01: resource 1 [mem 0xfcf00000-0xfcffffff]
[    0.751427] pci_bus 0000:20: resource 0 [io  0xf000-0xffff]
[    0.751429] pci_bus 0000:20: resource 1 [mem 0xfc200000-0xfc9fffff]
[    0.751430] pci_bus 0000:21: resource 0 [io  0xf000-0xffff]
[    0.751431] pci_bus 0000:21: resource 1 [mem 0xfc200000-0xfc9fffff]
[    0.751432] pci_bus 0000:23: resource 1 [mem 0xfc400000-0xfc5fffff]
[    0.751434] pci_bus 0000:24: resource 1 [mem 0xfc400000-0xfc5fffff]
[    0.751435] pci_bus 0000:25: resource 1 [mem 0xfc500000-0xfc5fffff]
[    0.751436] pci_bus 0000:26: resource 1 [mem 0xfc400000-0xfc4fffff]
[    0.751437] pci_bus 0000:27: resource 1 [mem 0xfc900000-0xfc9fffff]
[    0.751439] pci_bus 0000:28: resource 0 [io  0xf000-0xffff]
[    0.751440] pci_bus 0000:28: resource 1 [mem 0xfc800000-0xfc8fffff]
[    0.751441] pci_bus 0000:2a: resource 1 [mem 0xfc200000-0xfc3fffff]
[    0.751442] pci_bus 0000:2b: resource 1 [mem 0xfc700000-0xfc7fffff]
[    0.751443] pci_bus 0000:2c: resource 1 [mem 0xfc600000-0xfc6fffff]
[    0.751445] pci_bus 0000:2d: resource 0 [io  0xe000-0xefff]
[    0.751446] pci_bus 0000:2d: resource 1 [mem 0xfca00000-0xfccfffff]
[    0.751447] pci_bus 0000:2d: resource 2 [mem 0x7800000000-0x7c0fffffff 64bit pref]
[    0.751448] pci_bus 0000:2e: resource 0 [io  0xe000-0xefff]
[    0.751450] pci_bus 0000:2e: resource 1 [mem 0xfca00000-0xfcbfffff]
[    0.751451] pci_bus 0000:2e: resource 2 [mem 0x7800000000-0x7c0fffffff 64bit pref]
[    0.751452] pci_bus 0000:2f: resource 0 [io  0xe000-0xefff]
[    0.751453] pci_bus 0000:2f: resource 1 [mem 0xfca00000-0xfcbfffff]
[    0.751454] pci_bus 0000:2f: resource 2 [mem 0x7800000000-0x7c0fffffff 64bit pref]
[    0.751456] pci_bus 0000:30: resource 1 [mem 0xfce00000-0xfcefffff]
[    0.751457] pci_bus 0000:32: resource 1 [mem 0xfcd00000-0xfcdfffff]
[    0.752083] pci 0000:2f:00.1: D0 power state depends on 0000:2f:00.0
[    0.752262] PCI: CLS 64 bytes, default 64
[    0.752270] pci 0000:00:00.2: AMD-Vi: IOMMU performance counters supported
[    0.752302] Trying to unpack rootfs image as initramfs...
[    0.752311] pci 0000:00:01.0: Adding to iommu group 0
[    0.752327] pci 0000:00:01.1: Adding to iommu group 1
[    0.752341] pci 0000:00:01.2: Adding to iommu group 2
[    0.752362] pci 0000:00:02.0: Adding to iommu group 3
[    0.752385] pci 0000:00:03.0: Adding to iommu group 4
[    0.752401] pci 0000:00:03.2: Adding to iommu group 5
[    0.752415] pci 0000:00:03.4: Adding to iommu group 6
[    0.752437] pci 0000:00:04.0: Adding to iommu group 7
[    0.752458] pci 0000:00:05.0: Adding to iommu group 8
[    0.752480] pci 0000:00:07.0: Adding to iommu group 9
[    0.752495] pci 0000:00:07.1: Adding to iommu group 10
[    0.752517] pci 0000:00:08.0: Adding to iommu group 11
[    0.752532] pci 0000:00:08.1: Adding to iommu group 12
[    0.752561] pci 0000:00:14.0: Adding to iommu group 13
[    0.752576] pci 0000:00:14.3: Adding to iommu group 13
[    0.752651] pci 0000:00:18.0: Adding to iommu group 14
[    0.752666] pci 0000:00:18.1: Adding to iommu group 14
[    0.752681] pci 0000:00:18.2: Adding to iommu group 14
[    0.752695] pci 0000:00:18.3: Adding to iommu group 14
[    0.752710] pci 0000:00:18.4: Adding to iommu group 14
[    0.752725] pci 0000:00:18.5: Adding to iommu group 14
[    0.752739] pci 0000:00:18.6: Adding to iommu group 14
[    0.752753] pci 0000:00:18.7: Adding to iommu group 14
[    0.752768] pci 0000:01:00.0: Adding to iommu group 15
[    0.752782] pci 0000:20:00.0: Adding to iommu group 16
[    0.752820] pci 0000:21:01.0: Adding to iommu group 17
[    0.752858] pci 0000:21:03.0: Adding to iommu group 18
[    0.752896] pci 0000:21:04.0: Adding to iommu group 19
[    0.752918] pci 0000:21:08.0: Adding to iommu group 20
[    0.752942] pci 0000:21:09.0: Adding to iommu group 21
[    0.752964] pci 0000:21:0a.0: Adding to iommu group 22
[    0.753001] pci 0000:23:00.0: Adding to iommu group 23
[    0.753038] pci 0000:24:01.0: Adding to iommu group 24
[    0.753075] pci 0000:24:02.0: Adding to iommu group 25
[    0.753116] pci 0000:25:00.0: Adding to iommu group 26
[    0.753157] pci 0000:26:00.0: Adding to iommu group 27
[    0.753195] pci 0000:27:00.0: Adding to iommu group 28
[    0.753232] pci 0000:28:00.0: Adding to iommu group 29
[    0.753236] pci 0000:2a:00.0: Adding to iommu group 20
[    0.753240] pci 0000:2a:00.1: Adding to iommu group 20
[    0.753244] pci 0000:2a:00.3: Adding to iommu group 20
[    0.753248] pci 0000:2b:00.0: Adding to iommu group 21
[    0.753251] pci 0000:2c:00.0: Adding to iommu group 22
[    0.753266] pci 0000:2d:00.0: Adding to iommu group 30
[    0.753281] pci 0000:2e:00.0: Adding to iommu group 31
[    0.753301] pci 0000:2f:00.0: Adding to iommu group 32
[    0.753319] pci 0000:2f:00.1: Adding to iommu group 33
[    0.753333] pci 0000:30:00.0: Adding to iommu group 34
[    0.753349] pci 0000:31:00.0: Adding to iommu group 35
[    0.753364] pci 0000:32:00.0: Adding to iommu group 36
[    0.753380] pci 0000:32:00.3: Adding to iommu group 37
[    0.757831] pci 0000:00:00.2: AMD-Vi: Found IOMMU cap 0x40
[    0.757833] AMD-Vi: Extended features (0x58f77ef22294a5a, 0x0): PPR NX GT IA PC GA_vAPIC
[    0.757838] AMD-Vi: Interrupt remapping enabled
[    0.757902] PCI-DMA: Using software bounce buffering for IO (SWIOTLB)
[    0.757904] software IO TLB: mapped [mem 0x00000000ca63a000-0x00000000ce63a000] (64MB)
[    0.757931] LVT offset 0 assigned for vector 0x400
[    0.758983] perf: AMD IBS detected (0x000003ff)
[    0.758988] perf/amd_iommu: Detected AMD IOMMU #0 (2 banks, 4 counters/bank).
[    0.769915] Initialise system trusted keyrings
[    0.769922] Key type blacklist registered
[    0.769948] workingset: timestamp_bits=41 max_order=24 bucket_order=0
[    0.769954] zbud: loaded
[    0.770076] integrity: Platform Keyring initialized
[    0.770078] integrity: Machine keyring initialized
[    0.776575] Key type asymmetric registered
[    0.776576] Asymmetric key parser 'x509' registered
[    0.776586] Block layer SCSI generic (bsg) driver version 0.4 loaded (major 242)
[    0.776619] io scheduler mq-deadline registered
[    0.776620] io scheduler kyber registered
[    0.776627] io scheduler bfq registered
[    0.778001] pcieport 0000:00:01.1: PME: Signaling with IRQ 28
[    0.778056] pcieport 0000:00:01.1: AER: enabled with IRQ 28
[    0.778200] pcieport 0000:00:01.2: PME: Signaling with IRQ 29
[    0.778253] pcieport 0000:00:01.2: AER: enabled with IRQ 29
[    0.778400] pcieport 0000:00:03.2: PME: Signaling with IRQ 30
[    0.778446] pcieport 0000:00:03.2: AER: enabled with IRQ 30
[    0.778589] pcieport 0000:00:03.4: PME: Signaling with IRQ 31
[    0.778637] pcieport 0000:00:03.4: AER: enabled with IRQ 31
[    0.778836] pcieport 0000:00:07.1: PME: Signaling with IRQ 33
[    0.778886] pcieport 0000:00:07.1: AER: enabled with IRQ 33
[    0.779020] pcieport 0000:00:08.1: PME: Signaling with IRQ 34
[    0.779068] pcieport 0000:00:08.1: AER: enabled with IRQ 34
[    0.781788] shpchp: Standard Hot Plug PCI Controller Driver version: 0.4
[    0.781902] input: Power Button as /devices/LNXSYSTM:00/LNXSYBUS:00/PNP0C0C:00/input/input0
[    0.781920] ACPI: button: Power Button [PWRB]
[    0.781949] input: Power Button as /devices/LNXSYSTM:00/LNXPWRBN:00/input/input1
[    0.781989] ACPI: button: Power Button [PWRF]
[    0.784875] Estimated ratio of average max frequency by base frequency (times 1024): 1197
[    0.784889] Monitor-Mwait will be used to enter C-1 state
[    0.784895] ACPI: \_PR_.C000: Found 2 idle states
[    0.785034] ACPI: \_PR_.C002: Found 2 idle states
[    0.785192] ACPI: \_PR_.C004: Found 2 idle states
[    0.785674] ACPI: \_PR_.C006: Found 2 idle states
[    0.785797] ACPI: \_PR_.C008: Found 2 idle states
[    0.785911] ACPI: \_PR_.C00A: Found 2 idle states
[    0.786014] ACPI: \_PR_.C00C: Found 2 idle states
[    0.786117] ACPI: \_PR_.C00E: Found 2 idle states
[    0.786203] ACPI: \_PR_.C001: Found 2 idle states
[    0.786287] ACPI: \_PR_.C003: Found 2 idle states
[    0.786373] ACPI: \_PR_.C005: Found 2 idle states
[    0.786476] ACPI: \_PR_.C007: Found 2 idle states
[    0.786580] ACPI: \_PR_.C009: Found 2 idle states
[    0.786686] ACPI: \_PR_.C00B: Found 2 idle states
[    0.786791] ACPI: \_PR_.C00D: Found 2 idle states
[    0.786895] ACPI: \_PR_.C00F: Found 2 idle states
[    0.787121] Serial: 8250/16550 driver, 32 ports, IRQ sharing enabled
[    0.787324] serial8250: ttyS0 at I/O 0x3f8 (irq = 4, base_baud = 115200) is a 16550A
[    0.788978] Non-volatile memory driver v1.3
[    0.788980] Linux agpgart interface v0.103
[    0.827207] Freeing initrd memory: 33008K
[    0.861564] tpm_crb MSFT0101:00: Disabling hwrng
[    0.861829] AMD-Vi: AMD IOMMUv2 loaded and initialized
[    0.861853] ACPI: bus type drm_connector registered
[    0.863532] ahci 0000:2b:00.0: version 3.0
[    0.863688] ahci 0000:2b:00.0: AHCI 0001.0301 32 slots 1 ports 6 Gbps 0x1 impl SATA mode
[    0.863690] ahci 0000:2b:00.0: flags: 64bit ncq sntf ilck pm led clo only pmp fbs pio slum part 
[    0.863836] scsi host0: ahci
[    0.863880] ata1: SATA max UDMA/133 abar m2048@0xfc700000 port 0xfc700100 irq 47
[    0.864023] ahci 0000:2c:00.0: AHCI 0001.0301 32 slots 1 ports 6 Gbps 0x1 impl SATA mode
[    0.864026] ahci 0000:2c:00.0: flags: 64bit ncq sntf ilck pm led clo only pmp fbs pio slum part 
[    0.864154] scsi host1: ahci
[    0.864189] ata2: SATA max UDMA/133 abar m2048@0xfc600000 port 0xfc600100 irq 48
[    0.864259] usbcore: registered new interface driver usbserial_generic
[    0.864264] usbserial: USB Serial support registered for generic
[    0.864321] rtc_cmos 00:02: RTC can wake from S4
[    0.864535] rtc_cmos 00:02: registered as rtc0
[    0.864563] rtc_cmos 00:02: setting system clock to 2024-03-23T20:39:25 UTC (1711226365)
[    0.864586] rtc_cmos 00:02: alarms up to one month, y3k, 114 bytes nvram
[    0.864622] amd_pstate: driver load is disabled, boot with specific mode to enable this
[    0.864709] ledtrig-cpu: registered to indicate activity on CPUs
[    0.865007] [drm] Initialized simpledrm 1.0.0 20200625 for simple-framebuffer.0 on minor 0
[    0.865193] fbcon: Deferring console take-over
[    0.865195] simple-framebuffer simple-framebuffer.0: [drm] fb0: simpledrmdrmfb frame buffer device
[    0.865253] hid: raw HID events driver (C) Jiri Kosina
[    0.865342] drop_monitor: Initializing network drop monitor service
[    0.874254] Initializing XFRM netlink socket
[    0.874284] NET: Registered PF_INET6 protocol family
[    0.879222] Segment Routing with IPv6
[    0.879224] RPL Segment Routing with IPv6
[    0.879234] In-situ OAM (IOAM) with IPv6
[    0.879254] NET: Registered PF_PACKET protocol family
[    0.880297] microcode: CPU0: patch_level=0x0a20120a
[    0.880298] microcode: CPU2: patch_level=0x0a20120a
[    0.880299] microcode: CPU3: patch_level=0x0a20120a
[    0.880299] microcode: CPU1: patch_level=0x0a20120a
[    0.880300] microcode: CPU4: patch_level=0x0a20120a
[    0.880300] microcode: CPU5: patch_level=0x0a20120a
[    0.880301] microcode: CPU6: patch_level=0x0a20120a
[    0.880301] microcode: CPU7: patch_level=0x0a20120a
[    0.880302] microcode: CPU8: patch_level=0x0a20120a
[    0.880304] microcode: CPU10: patch_level=0x0a20120a
[    0.880304] microcode: CPU11: patch_level=0x0a20120a
[    0.880305] microcode: CPU9: patch_level=0x0a20120a
[    0.880305] microcode: CPU12: patch_level=0x0a20120a
[    0.880306] microcode: CPU13: patch_level=0x0a20120a
[    0.880306] microcode: CPU15: patch_level=0x0a20120a
[    0.880307] microcode: CPU14: patch_level=0x0a20120a
[    0.880321] microcode: Microcode Update Driver: v2.2.
[    0.880421] resctrl: L3 allocation detected
[    0.880423] resctrl: MB allocation detected
[    0.880423] resctrl: L3 monitoring detected
[    0.880426] IPI shorthand broadcast: enabled
[    0.882355] sched_clock: Marking stable (567988957, 313587892)->(886614140, -5037291)
[    0.882455] registered taskstats version 1
[    0.882871] Loading compiled-in X.509 certificates
[    0.884872] Loaded X.509 cert 'Build time autogenerated kernel key: 0478c534fdc2dc64881c421b8f873d9cf7366403'
[    0.886796] zswap: loaded using pool zstd/zsmalloc
[    0.888948] Key type .fscrypt registered
[    0.888949] Key type fscrypt-provisioning registered
[    0.889048] integrity: Loading X.509 certificate: UEFI:db
[    0.889065] integrity: Loaded X.509 cert 'Microsoft Corporation UEFI CA 2011: 13adbf4309bd82709c8cd54f316ed522988a1bd4'
[    0.889066] integrity: Loading X.509 certificate: UEFI:db
[    0.889079] integrity: Loaded X.509 cert 'Microsoft Windows Production PCA 2011: a92902398e16c49778cd90f99e4f9ae17c55af53'
[    0.889361] blacklist: Duplicate blacklisted hash bin:47ff1b63b140b6fc04ed79131331e651da5b2e2f170f5daef4153dc2fbc532b1
[    0.889363] blacklist: Duplicate blacklisted hash bin:5391c3a2fb112102a6aa1edc25ae77e19f5d6f09cd09eeb2509922bfcd5992ea
[    0.889401] blacklist: Duplicate blacklisted hash bin:80b4d96931bf0d02fd91a61e19d14f1da452e66db2408ca8604d411f92659f0a
[    0.889430] blacklist: Duplicate blacklisted hash bin:992d359aa7a5f789d268b94c11b9485a6b1ce64362b0edb4441ccc187c39647b
[    0.889470] blacklist: Duplicate blacklisted hash bin:c452ab846073df5ace25cca64d6b7a09d906308a1a65eb5240e3c4ebcaa9cc0c
[    0.889495] blacklist: Duplicate blacklisted hash bin:e051b788ecbaeda53046c70e6af6058f95222c046157b8c4c1b9c2cfc65f46e5
[    0.889997] PM:   Magic number: 0:964:700
[    0.890052] acpi LNXCPU:0e: hash matches
[    0.893494] RAS: Correctable Errors collector initialized.
[    0.893597] clk: Disabling unused clocks
[    1.178664] ata2: SATA link down (SStatus 0 SControl 300)
[    1.179064] ata1: SATA link down (SStatus 0 SControl 300)
[    1.179994] Freeing unused decrypted memory: 2028K
[    1.180272] Freeing unused kernel image (initmem) memory: 3412K
[    1.180275] Write protecting the kernel read-only data: 30720k
[    1.180548] Freeing unused kernel image (rodata/data gap) memory: 1252K
[    1.220123] x86/mm: Checked W+X mappings: passed, no W+X pages found.
[    1.220126] rodata_test: all tests were successful
[    1.220129] Run /init as init process
[    1.220130]   with arguments:
[    1.220132]     /init
[    1.220133]   with environment:
[    1.220133]     HOME=/
[    1.220134]     TERM=linux
[    1.231782] fbcon: Taking over console
[    1.232957] Console: switching to colour frame buffer device 128x48
[    1.333032] xhci_hcd 0000:27:00.0: xHCI Host Controller
[    1.333037] xhci_hcd 0000:27:00.0: new USB bus registered, assigned bus number 1
[    1.340142] nvme nvme1: pci function 0000:30:00.0
[    1.340146] nvme nvme0: pci function 0000:01:00.0
[    1.346197] nvme nvme0: missing or invalid SUBNQN field.
[    1.346221] nvme nvme0: Shutdown timeout set to 10 seconds
[    1.349060] nvme nvme1: missing or invalid SUBNQN field.
[    1.349083] nvme nvme1: Shutdown timeout set to 10 seconds
[    1.349784] nvme nvme0: 32/0/0 default/read/poll queues
[    1.352942] nvme nvme1: 32/0/0 default/read/poll queues
[    1.353156]  nvme0n1: p1 p2 p3
[    1.356321]  nvme1n1: p1
[    1.388911] xhci_hcd 0000:27:00.0: hcc params 0x0200ef81 hci version 0x110 quirks 0x0000000000000010
[    1.389317] xhci_hcd 0000:27:00.0: xHCI Host Controller
[    1.389321] xhci_hcd 0000:27:00.0: new USB bus registered, assigned bus number 2
[    1.389324] xhci_hcd 0000:27:00.0: Host supports USB 3.2 Enhanced SuperSpeed
[    1.389379] usb usb1: New USB device found, idVendor=1d6b, idProduct=0002, bcdDevice= 6.06
[    1.389381] usb usb1: New USB device strings: Mfr=3, Product=2, SerialNumber=1
[    1.389382] usb usb1: Product: xHCI Host Controller
[    1.389383] usb usb1: Manufacturer: Linux 6.6.22-1-lts xhci-hcd
[    1.389385] usb usb1: SerialNumber: 0000:27:00.0
[    1.389470] hub 1-0:1.0: USB hub found
[    1.389477] hub 1-0:1.0: 1 port detected
[    1.389549] usb usb2: We don't know the algorithms for LPM for this host, disabling LPM.
[    1.389568] usb usb2: New USB device found, idVendor=1d6b, idProduct=0003, bcdDevice= 6.06
[    1.389570] usb usb2: New USB device strings: Mfr=3, Product=2, SerialNumber=1
[    1.389571] usb usb2: Product: xHCI Host Controller
[    1.389572] usb usb2: Manufacturer: Linux 6.6.22-1-lts xhci-hcd
[    1.389573] usb usb2: SerialNumber: 0000:27:00.0
[    1.389639] hub 2-0:1.0: USB hub found
[    1.389645] hub 2-0:1.0: 1 port detected
[    1.389857] xhci_hcd 0000:2a:00.1: xHCI Host Controller
[    1.389862] xhci_hcd 0000:2a:00.1: new USB bus registered, assigned bus number 3
[    1.390018] xhci_hcd 0000:2a:00.1: hcc params 0x0278ffe5 hci version 0x110 quirks 0x0000000000000410
[    1.390497] xhci_hcd 0000:2a:00.1: xHCI Host Controller
[    1.390500] xhci_hcd 0000:2a:00.1: new USB bus registered, assigned bus number 4
[    1.390502] xhci_hcd 0000:2a:00.1: Host supports USB 3.1 Enhanced SuperSpeed
[    1.390534] usb usb3: New USB device found, idVendor=1d6b, idProduct=0002, bcdDevice= 6.06
[    1.390535] usb usb3: New USB device strings: Mfr=3, Product=2, SerialNumber=1
[    1.390537] usb usb3: Product: xHCI Host Controller
[    1.390538] usb usb3: Manufacturer: Linux 6.6.22-1-lts xhci-hcd
[    1.390539] usb usb3: SerialNumber: 0000:2a:00.1
[    1.390627] hub 3-0:1.0: USB hub found
[    1.390638] hub 3-0:1.0: 6 ports detected
[    1.390884] usb usb4: We don't know the algorithms for LPM for this host, disabling LPM.
[    1.390904] usb usb4: New USB device found, idVendor=1d6b, idProduct=0003, bcdDevice= 6.06
[    1.390906] usb usb4: New USB device strings: Mfr=3, Product=2, SerialNumber=1
[    1.390907] usb usb4: Product: xHCI Host Controller
[    1.390908] usb usb4: Manufacturer: Linux 6.6.22-1-lts xhci-hcd
[    1.390909] usb usb4: SerialNumber: 0000:2a:00.1
[    1.390982] hub 4-0:1.0: USB hub found
[    1.390992] hub 4-0:1.0: 4 ports detected
[    1.391226] xhci_hcd 0000:2a:00.3: xHCI Host Controller
[    1.391230] xhci_hcd 0000:2a:00.3: new USB bus registered, assigned bus number 5
[    1.391389] xhci_hcd 0000:2a:00.3: hcc params 0x0278ffe5 hci version 0x110 quirks 0x0000000000000410
[    1.391807] xhci_hcd 0000:2a:00.3: xHCI Host Controller
[    1.391810] xhci_hcd 0000:2a:00.3: new USB bus registered, assigned bus number 6
[    1.391812] xhci_hcd 0000:2a:00.3: Host supports USB 3.1 Enhanced SuperSpeed
[    1.391844] usb usb5: New USB device found, idVendor=1d6b, idProduct=0002, bcdDevice= 6.06
[    1.391846] usb usb5: New USB device strings: Mfr=3, Product=2, SerialNumber=1
[    1.391847] usb usb5: Product: xHCI Host Controller
[    1.391848] usb usb5: Manufacturer: Linux 6.6.22-1-lts xhci-hcd
[    1.391849] usb usb5: SerialNumber: 0000:2a:00.3
[    1.391933] hub 5-0:1.0: USB hub found
[    1.391946] hub 5-0:1.0: 6 ports detected
[    1.392198] usb usb6: We don't know the algorithms for LPM for this host, disabling LPM.
[    1.392217] usb usb6: New USB device found, idVendor=1d6b, idProduct=0003, bcdDevice= 6.06
[    1.392219] usb usb6: New USB device strings: Mfr=3, Product=2, SerialNumber=1
[    1.392220] usb usb6: Product: xHCI Host Controller
[    1.392221] usb usb6: Manufacturer: Linux 6.6.22-1-lts xhci-hcd
[    1.392222] usb usb6: SerialNumber: 0000:2a:00.3
[    1.392295] hub 6-0:1.0: USB hub found
[    1.392305] hub 6-0:1.0: 4 ports detected
[    1.392361] usb: port power management may be unreliable
[    1.392545] xhci_hcd 0000:32:00.3: xHCI Host Controller
[    1.392549] xhci_hcd 0000:32:00.3: new USB bus registered, assigned bus number 7
[    1.392660] xhci_hcd 0000:32:00.3: hcc params 0x0278ffe5 hci version 0x110 quirks 0x0000000000000410
[    1.393007] xhci_hcd 0000:32:00.3: xHCI Host Controller
[    1.393009] xhci_hcd 0000:32:00.3: new USB bus registered, assigned bus number 8
[    1.393011] xhci_hcd 0000:32:00.3: Host supports USB 3.1 Enhanced SuperSpeed
[    1.393040] usb usb7: New USB device found, idVendor=1d6b, idProduct=0002, bcdDevice= 6.06
[    1.393042] usb usb7: New USB device strings: Mfr=3, Product=2, SerialNumber=1
[    1.393043] usb usb7: Product: xHCI Host Controller
[    1.393044] usb usb7: Manufacturer: Linux 6.6.22-1-lts xhci-hcd
[    1.393045] usb usb7: SerialNumber: 0000:32:00.3
[    1.393125] hub 7-0:1.0: USB hub found
[    1.393132] hub 7-0:1.0: 4 ports detected
[    1.393300] usb usb8: We don't know the algorithms for LPM for this host, disabling LPM.
[    1.393320] usb usb8: New USB device found, idVendor=1d6b, idProduct=0003, bcdDevice= 6.06
[    1.393322] usb usb8: New USB device strings: Mfr=3, Product=2, SerialNumber=1
[    1.393323] usb usb8: Product: xHCI Host Controller
[    1.393324] usb usb8: Manufacturer: Linux 6.6.22-1-lts xhci-hcd
[    1.393325] usb usb8: SerialNumber: 0000:32:00.3
[    1.393398] hub 8-0:1.0: USB hub found
[    1.393405] hub 8-0:1.0: 4 ports detected
[    1.640260] usb 3-1: new high-speed USB device number 2 using xhci_hcd
[    1.640268] usb 5-5: new full-speed USB device number 2 using xhci_hcd
[    1.640274] usb 7-1: new full-speed USB device number 2 using xhci_hcd
[    1.773610] tsc: Refined TSC clocksource calibration: 3399.999 MHz
[    1.773617] clocksource: tsc: mask: 0xffffffffffffffff max_cycles: 0x31024d9464a, max_idle_ns: 440795287124 ns
[    3.478629] clocksource: Switched to clocksource tsc
[    3.485485] [drm] amdgpu kernel modesetting enabled.
[    3.485545] amdgpu: Virtual CRAT table created for CPU
[    3.485556] amdgpu: Topology: Add CPU node
[    3.485621] amdgpu 0000:2f:00.0: enabling device (0006 -> 0007)
[    3.485658] [drm] initializing kernel modesetting (SIENNA_CICHLID 0x1002:0x73A5 0x1462:0x3955 0xC0).
[    3.485667] [drm] register mmio base: 0xFCA00000
[    3.485668] [drm] register mmio size: 1048576
[    3.490234] [drm] add ip block number 0 <nv_common>
[    3.490235] [drm] add ip block number 1 <gmc_v10_0>
[    3.490236] [drm] add ip block number 2 <navi10_ih>
[    3.490237] [drm] add ip block number 3 <psp>
[    3.490238] [drm] add ip block number 4 <smu>
[    3.490239] [drm] add ip block number 5 <dm>
[    3.490240] [drm] add ip block number 6 <gfx_v10_0>
[    3.490240] [drm] add ip block number 7 <sdma_v5_2>
[    3.490241] [drm] add ip block number 8 <vcn_v3_0>
[    3.490242] [drm] add ip block number 9 <jpeg_v3_0>
[    3.490254] amdgpu 0000:2f:00.0: amdgpu: Fetched VBIOS from VFCT
[    3.490256] amdgpu: ATOM BIOS: 113-V395TRIO-4OC
[    3.497844] usb 5-5: New USB device found, idVendor=1462, idProduct=7d51, bcdDevice= 0.01
[    3.497847] usb 5-5: New USB device strings: Mfr=1, Product=2, SerialNumber=3
[    3.497849] usb 5-5: Product: MYSTIC LIGHT 
[    3.497851] usb 5-5: Manufacturer: MSI
[    3.497852] usb 5-5: SerialNumber: A02021052001
[    3.497938] [drm] VCN(0) decode is enabled in VM mode
[    3.497940] [drm] VCN(1) decode is enabled in VM mode
[    3.497940] [drm] VCN(0) encode is enabled in VM mode
[    3.497941] [drm] VCN(1) encode is enabled in VM mode
[    3.500220] [drm] JPEG decode is enabled in VM mode
[    3.513395] usb 3-1: New USB device found, idVendor=174c, idProduct=2074, bcdDevice= 0.01
[    3.513398] usb 3-1: New USB device strings: Mfr=2, Product=3, SerialNumber=0
[    3.513400] usb 3-1: Product: ASM107x
[    3.513401] usb 3-1: Manufacturer: Asmedia
[    3.516895] Console: switching to colour dummy device 80x25
[    3.519992] input: MSI MYSTIC LIGHT  as /devices/pci0000:00/0000:00:01.2/0000:20:00.0/0000:21:08.0/0000:2a:00.3/usb5/5-5/5-5:1.0/0003:1462:7D51.0001/input/input2
[    3.520089] hid-generic 0003:1462:7D51.0001: input,hiddev96,hidraw0: USB HID v1.10 Device [MSI MYSTIC LIGHT ] on usb-0000:2a:00.3-5/input0
[    3.520115] usbcore: registered new interface driver usbhid
[    3.520116] usbhid: USB HID core driver
[    3.528063] usb 7-1: New USB device found, idVendor=051d, idProduct=0003, bcdDevice= 0.01
[    3.528065] usb 7-1: New USB device strings: Mfr=1, Product=2, SerialNumber=3
[    3.528067] usb 7-1: Product: Smart-UPS_1500 FW:UPS 03.5 / ID=1015
[    3.528068] usb 7-1: Manufacturer: American Power Conversion 
[    3.528070] usb 7-1: SerialNumber: AS1823261711    
[    3.543796] amdgpu 0000:2f:00.0: vgaarb: deactivate vga console
[    3.543799] amdgpu 0000:2f:00.0: amdgpu: Trusted Memory Zone (TMZ) feature disabled as experimental (default)
[    3.543827] amdgpu 0000:2f:00.0: amdgpu: MEM ECC is not presented.
[    3.543828] amdgpu 0000:2f:00.0: amdgpu: SRAM ECC is not presented.
[    3.543840] [drm] vm size is 262144 GB, 4 levels, block size is 9-bit, fragment size is 9-bit
[    3.543846] amdgpu 0000:2f:00.0: amdgpu: VRAM: 16368M 0x0000008000000000 - 0x00000083FEFFFFFF (16368M used)
[    3.543848] amdgpu 0000:2f:00.0: amdgpu: GART: 512M 0x0000000000000000 - 0x000000001FFFFFFF
[    3.543850] amdgpu 0000:2f:00.0: amdgpu: AGP: 267894784M 0x0000008400000000 - 0x0000FFFFFFFFFFFF
[    3.543861] [drm] Detected VRAM RAM=16368M, BAR=16384M
[    3.543862] [drm] RAM width 256bits GDDR6
[    3.543960] [drm] amdgpu: 16368M of VRAM memory ready
[    3.543961] [drm] amdgpu: 32099M of GTT memory ready.
[    3.543977] [drm] GART: num cpu pages 131072, num gpu pages 131072
[    3.544204] [drm] PCIE GART of 512M enabled (table at 0x0000008000300000).
[    3.566809] hub 3-1:1.0: USB hub found
[    3.567397] hub 3-1:1.0: 4 ports detected
[    3.570357] hid-generic 0003:051D:0003.0002: hiddev97,hidraw1: USB HID v1.11 Device [American Power Conversion  Smart-UPS_1500 FW:UPS 03.5 / ID=1015] on usb-0000:32:00.3-1/input0
[    3.600346] usb 6-3: new SuperSpeed USB device number 2 using xhci_hcd
[    3.606953] usb 8-3: new SuperSpeed USB device number 2 using xhci_hcd
[    3.617804] usb 6-3: New USB device found, idVendor=21c4, idProduct=0809, bcdDevice=11.00
[    3.617807] usb 6-3: New USB device strings: Mfr=1, Product=2, SerialNumber=3
[    3.617809] usb 6-3: Product: USB Flash Drive
[    3.617811] usb 6-3: Manufacturer: Lexar
[    3.617812] usb 6-3: SerialNumber: 0110112069200347
[    3.622230] usb-storage 6-3:1.0: USB Mass Storage device detected
[    3.622315] scsi host2: usb-storage 6-3:1.0
[    3.622366] usbcore: registered new interface driver usb-storage
[    3.624956] usbcore: registered new interface driver uas
[    3.626191] usb 8-3: New USB device found, idVendor=05e3, idProduct=0612, bcdDevice=92.26
[    3.626193] usb 8-3: New USB device strings: Mfr=1, Product=2, SerialNumber=0
[    3.626195] usb 8-3: Product: USB3.1 Hub
[    3.626196] usb 8-3: Manufacturer: GenesysLogic
[    3.633630] usb 4-2: new SuperSpeed USB device number 2 using xhci_hcd
[    3.649529] hub 8-3:1.0: USB hub found
[    3.649792] hub 8-3:1.0: 4 ports detected
[    3.652280] usb 4-2: New USB device found, idVendor=174c, idProduct=3074, bcdDevice= 0.01
[    3.652283] usb 4-2: New USB device strings: Mfr=2, Product=3, SerialNumber=0
[    3.652285] usb 4-2: Product: ASM107x
[    3.652286] usb 4-2: Manufacturer: Asmedia
[    3.678635] hub 4-2:1.0: USB hub found
[    3.678773] hub 4-2:1.0: 4 ports detected
[    3.740189] usb 5-6: new high-speed USB device number 3 using xhci_hcd
[    3.750188] usb 7-3: new high-speed USB device number 3 using xhci_hcd
[    3.773521] usb 3-3: new high-speed USB device number 3 using xhci_hcd
[    3.883351] usb 5-6: New USB device found, idVendor=05e3, idProduct=0608, bcdDevice=60.90
[    3.883355] usb 5-6: New USB device strings: Mfr=0, Product=1, SerialNumber=0
[    3.883357] usb 5-6: Product: USB2.0 Hub
[    3.895801] usb 7-3: New USB device found, idVendor=05e3, idProduct=0610, bcdDevice=92.26
[    3.895804] usb 7-3: New USB device strings: Mfr=1, Product=2, SerialNumber=0
[    3.895806] usb 7-3: Product: USB2.0 Hub
[    3.895808] usb 7-3: Manufacturer: GenesysLogic
[    3.918674] usb 3-3: New USB device found, idVendor=05e3, idProduct=0608, bcdDevice=60.90
[    3.918677] usb 3-3: New USB device strings: Mfr=0, Product=1, SerialNumber=0
[    3.918679] usb 3-3: Product: USB2.0 Hub
[    3.920244] hub 5-6:1.0: USB hub found
[    3.920829] hub 5-6:1.0: 4 ports detected
[    3.953369] hub 7-3:1.0: USB hub found
[    3.953940] hub 7-3:1.0: 4 ports detected
[    3.982958] hub 3-3:1.0: USB hub found
[    3.983540] hub 3-3:1.0: 4 ports detected
[    3.985095] usb 8-3.2: new SuperSpeed USB device number 3 using xhci_hcd
[    4.000923] usb 8-3.2: New USB device found, idVendor=174c, idProduct=235c, bcdDevice= 1.00
[    4.000926] usb 8-3.2: New USB device strings: Mfr=2, Product=3, SerialNumber=1
[    4.000928] usb 8-3.2: Product: Ugreen Storage Device
[    4.000930] usb 8-3.2: Manufacturer: Ugreen
[    4.000931] usb 8-3.2: SerialNumber: 20D11E80E310
[    4.003778] usb 6-4: new SuperSpeed USB device number 3 using xhci_hcd
[    4.006843] usb 3-1.1: new high-speed USB device number 4 using xhci_hcd
[    4.018471] scsi host3: uas
[    4.018804] scsi 3:0:0:0: Direct-Access     Samsung  SSD 850 EVO 500G 0    PQ: 0 ANSI: 6
[    4.022347] sd 3:0:0:0: [sda] 976773168 512-byte logical blocks: (500 GB/466 GiB)
[    4.022478] sd 3:0:0:0: [sda] Write Protect is off
[    4.022481] sd 3:0:0:0: [sda] Mode Sense: 43 00 00 00
[    4.022648] sd 3:0:0:0: [sda] Write cache: enabled, read cache: enabled, doesn't support DPO or FUA
[    4.022814] sd 3:0:0:0: [sda] Preferred minimum I/O size 512 bytes
[    4.022817] sd 3:0:0:0: [sda] Optimal transfer size 33553920 bytes
[    4.022851] usb 6-4: New USB device found, idVendor=0781, idProduct=cfcb, bcdDevice=29.20
[    4.022855] usb 6-4: New USB device strings: Mfr=3, Product=4, SerialNumber=2
[    4.022857] usb 6-4: Product: SDDR-B531
[    4.022858] usb 6-4: Manufacturer: SanDisk
[    4.022860] usb 6-4: SerialNumber: 0524220000010781
[    4.023355] usb-storage 6-4:1.0: USB Mass Storage device detected
[    4.023464] scsi host4: usb-storage 6-4:1.0
[    4.025466]  sda: sda1 sda2 sda3
[    4.025572] sd 3:0:0:0: [sda] Attached SCSI disk
[    4.090215] usb 8-3.3: new SuperSpeed USB device number 4 using xhci_hcd
[    4.107489] usb 8-3.3: New USB device found, idVendor=174c, idProduct=235c, bcdDevice= 1.00
[    4.107492] usb 8-3.3: New USB device strings: Mfr=2, Product=3, SerialNumber=1
[    4.107494] usb 8-3.3: Product: Ugreen Storage Device
[    4.107496] usb 8-3.3: Manufacturer: Ugreen
[    4.107497] usb 8-3.3: SerialNumber: 20D11E805F48
[    4.108882] scsi host5: uas
[    4.109229] scsi 5:0:0:0: Direct-Access     Samsung  SSD 870 EVO 2TB  0    PQ: 0 ANSI: 6
[    4.115066] sd 5:0:0:0: [sdb] 3907029168 512-byte logical blocks: (2.00 TB/1.82 TiB)
[    4.115144] sd 5:0:0:0: [sdb] Write Protect is off
[    4.115146] sd 5:0:0:0: [sdb] Mode Sense: 43 00 00 00
[    4.115302] sd 5:0:0:0: [sdb] Write cache: enabled, read cache: enabled, doesn't support DPO or FUA
[    4.115462] sd 5:0:0:0: [sdb] Preferred minimum I/O size 512 bytes
[    4.115464] sd 5:0:0:0: [sdb] Optimal transfer size 33553920 bytes
[    4.117570]  sdb: sdb1 sdb2 sdb3
[    4.117672] sd 5:0:0:0: [sdb] Attached SCSI disk
[    4.117765] usb 3-1.1: New USB device found, idVendor=045b, idProduct=0209, bcdDevice= 1.00
[    4.117767] usb 3-1.1: New USB device strings: Mfr=0, Product=0, SerialNumber=0
[    4.174695] hub 3-1.1:1.0: USB hub found
[    4.175027] hub 3-1.1:1.0: 4 ports detected
[    4.230186] usb 7-4: new full-speed USB device number 4 using xhci_hcd
[    4.240188] usb 3-4: new high-speed USB device number 5 using xhci_hcd
[    4.383262] usb 3-4: New USB device found, idVendor=152a, idProduct=85dd, bcdDevice= 3.83
[    4.383265] usb 3-4: New USB device strings: Mfr=1, Product=3, SerialNumber=2
[    4.383267] usb 3-4: Product: SMSL USB AUDIO
[    4.383269] usb 3-4: Manufacturer: SMSL
[    4.393061] usb 7-4: New USB device found, idVendor=054c, idProduct=09cc, bcdDevice= 1.00
[    4.393064] usb 7-4: New USB device strings: Mfr=1, Product=2, SerialNumber=0
[    4.393065] usb 7-4: Product: Wireless Controller
[    4.393067] usb 7-4: Manufacturer: Sony Interactive Entertainment
[    4.431585] playstation 0003:054C:09CC.0003: hidraw2: USB HID v1.11 Gamepad [Sony Interactive Entertainment Wireless Controller] on usb-0000:32:00.3-4/input3
[    4.433251] hid-generic 0003:152A:85DD.0004: hiddev98,hidraw3: USB HID v1.10 Device [SMSL SMSL USB AUDIO] on usb-0000:2a:00.1-4/input3
[    4.443738] usb 8-3.4: new SuperSpeed USB device number 5 using xhci_hcd
[    4.463326] usb 8-3.4: New USB device found, idVendor=21c4, idProduct=b064, bcdDevice= 0.09
[    4.463329] usb 8-3.4: New USB device strings: Mfr=3, Product=4, SerialNumber=2
[    4.463330] usb 8-3.4: Product: USB Storage
[    4.463332] usb 8-3.4: Manufacturer: Generic
[    4.463333] usb 8-3.4: SerialNumber: 000020210927
[    4.463802] usb-storage 8-3.4:1.0: USB Mass Storage device detected
[    4.463911] scsi host6: usb-storage 8-3.4:1.0
[    4.470188] usb 3-1.1.1: new full-speed USB device number 6 using xhci_hcd
[    4.493314] input: Sony Interactive Entertainment Wireless Controller as /devices/pci0000:00/0000:00:08.1/0000:32:00.3/usb7/7-4/7-4:1.3/0003:054C:09CC.0003/input/input3
[    4.493390] input: Sony Interactive Entertainment Wireless Controller Motion Sensors as /devices/pci0000:00/0000:00:08.1/0000:32:00.3/usb7/7-4/7-4:1.3/0003:054C:09CC.0003/input/input4
[    4.493461] input: Sony Interactive Entertainment Wireless Controller Touchpad as /devices/pci0000:00/0000:00:08.1/0000:32:00.3/usb7/7-4/7-4:1.3/0003:054C:09CC.0003/input/input5
[    4.493659] playstation 0003:054C:09CC.0003: Registered DualShock4 controller hw_version=0x0000b418 fw_version=0x0000a00b
[    4.596533] usb 3-1.1.1: New USB device found, idVendor=1af3, idProduct=0001, bcdDevice= 0.01
[    4.596537] usb 3-1.1.1: New USB device strings: Mfr=1, Product=2, SerialNumber=0
[    4.596539] usb 3-1.1.1: Product: ZOWIE Gaming mouse
[    4.596540] usb 3-1.1.1: Manufacturer: Kingsis Peripherals
[    4.660651] input: Kingsis Peripherals ZOWIE Gaming mouse as /devices/pci0000:00/0000:00:01.2/0000:20:00.0/0000:21:08.0/0000:2a:00.1/usb3/3-1/3-1.1/3-1.1.1/3-1.1.1:1.0/0003:1AF3:0001.0005/input/input6
[    4.660724] hid-generic 0003:1AF3:0001.0005: input,hidraw4: USB HID v1.11 Mouse [Kingsis Peripherals ZOWIE Gaming mouse] on usb-0000:2a:00.1-1.1.1/input0
[    4.677829] scsi 2:0:0:0: Direct-Access     Lexar    USB Flash Drive  1100 PQ: 0 ANSI: 6
[    4.678554] sd 2:0:0:0: [sdc] 120832000 512-byte logical blocks: (61.9 GB/57.6 GiB)
[    4.678671] sd 2:0:0:0: [sdc] Write Protect is off
[    4.678673] sd 2:0:0:0: [sdc] Mode Sense: 43 00 00 00
[    4.678791] sd 2:0:0:0: [sdc] Write cache: enabled, read cache: enabled, doesn't support DPO or FUA
[    4.680865]  sdc: sdc1 sdc2 < sdc5 >
[    4.680982] sd 2:0:0:0: [sdc] Attached SCSI removable disk
[    4.700187] usb 3-5: new high-speed USB device number 7 using xhci_hcd
[    4.842644] usb 3-5: New USB device found, idVendor=31c0, idProduct=1234, bcdDevice= 1.99
[    4.842647] usb 3-5: New USB device strings: Mfr=1, Product=2, SerialNumber=3
[    4.842650] usb 3-5: Product: Mass Storage    
[    4.842651] usb 3-5: Manufacturer: Generic 
[    4.842652] usb 3-5: SerialNumber: A2F8E7F797A93FD4
[    4.843042] usb-storage 3-5:1.0: USB Mass Storage device detected
[    4.843245] scsi host7: usb-storage 3-5:1.0
[    4.930185] usb 3-1.1.2: new high-speed USB device number 8 using xhci_hcd
[    5.028580] scsi 4:0:0:0: Direct-Access     SanDisk  SDDR-B531        2920 PQ: 0 ANSI: 6
[    5.039391] usb 3-1.1.2: New USB device found, idVendor=1b1c, idProduct=1b7c, bcdDevice= 0.21
[    5.039395] usb 3-1.1.2: New USB device strings: Mfr=1, Product=2, SerialNumber=3
[    5.039397] usb 3-1.1.2: Product: CORSAIR K100 RGB Optical-Mechanical Gaming Keyboard
[    5.039398] usb 3-1.1.2: Manufacturer: Corsair
[    5.039400] usb 3-1.1.2: SerialNumber: F500190660D55A73AAA598440500C025
[    5.199873] input: Corsair CORSAIR K100 RGB Optical-Mechanical Gaming Keyboard as /devices/pci0000:00/0000:00:01.2/0000:20:00.0/0000:21:08.0/0000:2a:00.1/usb3/3-1/3-1.1/3-1.1.2/3-1.1.2:1.0/0003:1B1C:1B7C.0006/input/input7
[    5.253647] input: Corsair CORSAIR K100 RGB Optical-Mechanical Gaming Keyboard Mouse as /devices/pci0000:00/0000:00:01.2/0000:20:00.0/0000:21:08.0/0000:2a:00.1/usb3/3-1/3-1.1/3-1.1.2/3-1.1.2:1.0/0003:1B1C:1B7C.0006/input/input8
[    5.253719] hid-generic 0003:1B1C:1B7C.0006: input,hidraw5: USB HID v1.00 Keyboard [Corsair CORSAIR K100 RGB Optical-Mechanical Gaming Keyboard] on usb-0000:2a:00.1-1.1.2/input0
[    5.255253] hid-generic 0003:1B1C:1B7C.0007: hiddev99,hidraw6: USB HID v1.00 Device [Corsair CORSAIR K100 RGB Optical-Mechanical Gaming Keyboard] on usb-0000:2a:00.1-1.1.2/input1
[    5.256224] hid-generic 0003:1B1C:1B7C.0008: hiddev100,hidraw7: USB HID v1.00 Device [Corsair CORSAIR K100 RGB Optical-Mechanical Gaming Keyboard] on usb-0000:2a:00.1-1.1.2/input2
[    5.274399] sd 4:0:0:0: [sdd] 61952000 512-byte logical blocks: (31.7 GB/29.5 GiB)
[    5.274916] sd 4:0:0:0: [sdd] Write Protect is off
[    5.274918] sd 4:0:0:0: [sdd] Mode Sense: 21 00 00 00
[    5.275449] sd 4:0:0:0: [sdd] Write cache: disabled, read cache: enabled, doesn't support DPO or FUA
[    5.282610]  sdd: sdd1 sdd2
[    5.282704] sd 4:0:0:0: [sdd] Attached SCSI removable disk
[    5.346845] usb 3-1.1.3: new high-speed USB device number 9 using xhci_hcd
[    5.456892] usb 3-1.1.3: New USB device found, idVendor=05e3, idProduct=0610, bcdDevice=92.24
[    5.456895] usb 3-1.1.3: New USB device strings: Mfr=1, Product=2, SerialNumber=0
[    5.456897] usb 3-1.1.3: Product: USB2.0 Hub
[    5.456899] usb 3-1.1.3: Manufacturer: GenesysLogic
[    5.482811] scsi 6:0:0:0: Direct-Access     Generic  MassStorageClass 0009 PQ: 0 ANSI: 6
[    5.485076] scsi 6:0:0:1: Direct-Access     Generic  MassStorageClass 0009 PQ: 0 ANSI: 6
[    5.487208] scsi 6:0:0:2: Direct-Access     Generic  MassStorageClass 0009 PQ: 0 ANSI: 6
[    5.488400] sd 6:0:0:0: [sde] Media removed, stopped polling
[    5.488689] sd 6:0:0:0: [sde] Attached SCSI removable disk
[    5.518931] hub 3-1.1.3:1.0: USB hub found
[    5.519399] hub 3-1.1.3:1.0: 4 ports detected
[    5.823397] amdgpu 0000:2f:00.0: amdgpu: STB initialized to 2048 entries
[    5.823446] [drm] Loading DMUB firmware via PSP: version=0x02020020
[    5.823935] [drm] use_doorbell being set to: [true]
[    5.823949] [drm] use_doorbell being set to: [true]
[    5.823960] [drm] use_doorbell being set to: [true]
[    5.823970] [drm] use_doorbell being set to: [true]
[    5.823980] [drm] Found VCN firmware Version ENC: 1.30 DEC: 3 VEP: 0 Revision: 4
[    5.823989] amdgpu 0000:2f:00.0: amdgpu: Will use PSP to load VCN firmware
[    5.853954] scsi 7:0:0:0: Direct-Access     USB      Flash Drive      1.90 PQ: 0 ANSI: 2
[    5.854690] sd 7:0:0:0: [sdh] 31129600 512-byte logical blocks: (15.9 GB/14.8 GiB)
[    5.854814] sd 7:0:0:0: [sdh] Write Protect is off
[    5.854817] sd 7:0:0:0: [sdh] Mode Sense: 03 00 00 00
[    5.854938] sd 7:0:0:0: [sdh] No Caching mode page found
[    5.854941] sd 7:0:0:0: [sdh] Assuming drive cache: write through
[    5.863501]  sdh:
[    5.863592] sd 7:0:0:0: [sdh] Attached SCSI removable disk
[    5.890099] [drm] reserve 0xa00000 from 0x83fd000000 for PSP TMR
[    5.986069] sd 6:0:0:1: [sdf] 249737216 512-byte logical blocks: (128 GB/119 GiB)
[    5.986658] sd 6:0:0:1: [sdf] Write Protect is off
[    5.986661] sd 6:0:0:1: [sdf] Mode Sense: 21 00 00 00
[    5.987247] sd 6:0:0:1: [sdf] Write cache: disabled, read cache: enabled, doesn't support DPO or FUA
[    5.987970] sd 6:0:0:2: [sdg] Media removed, stopped polling
[    5.988322] sd 6:0:0:2: [sdg] Attached SCSI removable disk
[    6.025839]  sdf: sdf1 sdf2
[    6.025950] sd 6:0:0:1: [sdf] Attached SCSI removable disk
[    6.038355] amdgpu 0000:2f:00.0: amdgpu: SECUREDISPLAY: securedisplay ta ucode is not available
[    6.038377] amdgpu 0000:2f:00.0: amdgpu: smu driver if version = 0x00000040, smu fw if version = 0x00000041, smu fw program = 0, version = 0x003a5900 (58.89.0)
[    6.038380] amdgpu 0000:2f:00.0: amdgpu: SMU driver if version not matched
[    6.038412] amdgpu 0000:2f:00.0: amdgpu: use vbios provided pptable
[    6.111522] amdgpu 0000:2f:00.0: amdgpu: SMU is initialized successfully!
[    6.111740] [drm] Display Core v3.2.247 initialized on DCN 3.0
[    6.111741] [drm] DP-HDMI FRL PCON supported
[    6.113006] [drm] DMUB hardware initialized: version=0x02020020
[    6.427613] [drm] kiq ring mec 2 pipe 1 q 0
[    6.435513] [drm] VCN decode and encode initialized successfully(under DPG Mode).
[    6.435757] [drm] JPEG decode initialized successfully.
[    6.511667] amdgpu: HMM registered 16368MB device memory
[    6.512876] kfd kfd: amdgpu: Allocated 3969056 bytes on gart
[    6.512889] kfd kfd: amdgpu: Total number of KFD nodes to be created: 1
[    6.513222] amdgpu: Virtual CRAT table created for GPU
[    6.513533] amdgpu: Topology: Add dGPU node [0x73a5:0x1002]
[    6.513535] kfd kfd: amdgpu: added device 1002:73a5
[    6.513562] amdgpu 0000:2f:00.0: amdgpu: SE 4, SH per SE 2, CU per SH 10, active_cu_number 80
[    6.513723] amdgpu 0000:2f:00.0: amdgpu: ring gfx_0.0.0 uses VM inv eng 0 on hub 0
[    6.513725] amdgpu 0000:2f:00.0: amdgpu: ring comp_1.0.0 uses VM inv eng 1 on hub 0
[    6.513726] amdgpu 0000:2f:00.0: amdgpu: ring comp_1.1.0 uses VM inv eng 4 on hub 0
[    6.513727] amdgpu 0000:2f:00.0: amdgpu: ring comp_1.2.0 uses VM inv eng 5 on hub 0
[    6.513728] amdgpu 0000:2f:00.0: amdgpu: ring comp_1.3.0 uses VM inv eng 6 on hub 0
[    6.513729] amdgpu 0000:2f:00.0: amdgpu: ring comp_1.0.1 uses VM inv eng 7 on hub 0
[    6.513730] amdgpu 0000:2f:00.0: amdgpu: ring comp_1.1.1 uses VM inv eng 8 on hub 0
[    6.513732] amdgpu 0000:2f:00.0: amdgpu: ring comp_1.2.1 uses VM inv eng 9 on hub 0
[    6.513733] amdgpu 0000:2f:00.0: amdgpu: ring comp_1.3.1 uses VM inv eng 10 on hub 0
[    6.513734] amdgpu 0000:2f:00.0: amdgpu: ring kiq_0.2.1.0 uses VM inv eng 11 on hub 0
[    6.513735] amdgpu 0000:2f:00.0: amdgpu: ring sdma0 uses VM inv eng 12 on hub 0
[    6.513736] amdgpu 0000:2f:00.0: amdgpu: ring sdma1 uses VM inv eng 13 on hub 0
[    6.513738] amdgpu 0000:2f:00.0: amdgpu: ring sdma2 uses VM inv eng 14 on hub 0
[    6.513739] amdgpu 0000:2f:00.0: amdgpu: ring sdma3 uses VM inv eng 15 on hub 0
[    6.513740] amdgpu 0000:2f:00.0: amdgpu: ring vcn_dec_0 uses VM inv eng 0 on hub 8
[    6.513741] amdgpu 0000:2f:00.0: amdgpu: ring vcn_enc_0.0 uses VM inv eng 1 on hub 8
[    6.513742] amdgpu 0000:2f:00.0: amdgpu: ring vcn_enc_0.1 uses VM inv eng 4 on hub 8
[    6.513744] amdgpu 0000:2f:00.0: amdgpu: ring vcn_dec_1 uses VM inv eng 5 on hub 8
[    6.513745] amdgpu 0000:2f:00.0: amdgpu: ring vcn_enc_1.0 uses VM inv eng 6 on hub 8
[    6.513746] amdgpu 0000:2f:00.0: amdgpu: ring vcn_enc_1.1 uses VM inv eng 7 on hub 8
[    6.513747] amdgpu 0000:2f:00.0: amdgpu: ring jpeg_dec uses VM inv eng 8 on hub 8
[    6.515397] amdgpu 0000:2f:00.0: amdgpu: Using BACO for runtime pm
[    6.515840] [drm] Initialized amdgpu 3.54.0 20150101 for 0000:2f:00.0 on minor 1
[    6.529597] fbcon: amdgpudrmfb (fb0) is primary device
[    6.529771] [drm] DSC precompute is not needed.
[    6.665449] Console: switching to colour frame buffer device 240x67
[    6.699743] amdgpu 0000:2f:00.0: [drm] fb0: amdgpudrmfb frame buffer device
[    6.837051] EXT4-fs (nvme0n1p2): mounted filesystem c0f39b5f-80e1-47c1-9148-c249231ffaa1 r/w with ordered data mode. Quota mode: none.
[    6.899775] systemd[1]: systemd 255.4-2-arch running in system mode (+PAM +AUDIT -SELINUX -APPARMOR -IMA +SMACK +SECCOMP +GCRYPT +GNUTLS +OPENSSL +ACL +BLKID +CURL +ELFUTILS +FIDO2 +IDN2 -IDN +IPTC +KMOD +LIBCRYPTSETUP +LIBFDISK +PCRE2 +PWQUALITY +P11KIT +QRENCODE +TPM2 +BZIP2 +LZ4 +XZ +ZLIB +ZSTD +BPF_FRAMEWORK +XKBCOMMON +UTMP -SYSVINIT default-hierarchy=unified)
[    6.899780] systemd[1]: Detected architecture x86-64.
[    6.900688] systemd[1]: Hostname set to <mainrig-MS-7D51>.
[    6.936854] usb 3-1.1.3.2: new high-speed USB device number 11 using xhci_hcd
[    7.030987] usb 3-1.1.3.2: New USB device found, idVendor=05e3, idProduct=0610, bcdDevice= 6.56
[    7.030991] usb 3-1.1.3.2: New USB device strings: Mfr=1, Product=2, SerialNumber=0
[    7.030993] usb 3-1.1.3.2: Product: USB2.1 Hub
[    7.030995] usb 3-1.1.3.2: Manufacturer: GenesysLogic
[    7.086763] hub 3-1.1.3.2:1.0: USB hub found
[    7.087274] hub 3-1.1.3.2:1.0: 4 ports detected
[    7.296842] usb 3-1.1.3.4: new full-speed USB device number 12 using xhci_hcd
[    7.404494] usb 3-1.1.3.4: New USB device found, idVendor=19f7, idProduct=0015, bcdDevice= 1.18
[    7.404496] usb 3-1.1.3.4: New USB device strings: Mfr=1, Product=2, SerialNumber=3
[    7.404498] usb 3-1.1.3.4: Product: RØDE NT-USB Mini
[    7.404500] usb 3-1.1.3.4: Manufacturer: RØDE Microphones
[    7.404501] usb 3-1.1.3.4: SerialNumber: 465AA087
[    7.410193] systemd[1]: bpf-lsm: LSM BPF program attached
[    7.447850] hid-generic 0003:19F7:0015.0009: hiddev101,hidraw8: USB HID v1.11 Device [RØDE Microphones RØDE NT-USB Mini] on usb-0000:2a:00.1-1.1.3.4/input3
[    7.483513] usb 3-1.1.3.2.4: new full-speed USB device number 13 using xhci_hcd
[    7.486063] zram_generator::config[358]: No configuration found.
[    7.550859] systemd[1]: Queued start job for default target Graphical Interface.
[    7.574145] systemd[1]: Created slice Virtual Machine and Container Slice.
[    7.577196] systemd[1]: Created slice Slice /system/dirmngr.
[    7.577461] systemd[1]: Created slice Slice /system/getty.
[    7.577724] systemd[1]: Created slice Slice /system/gpg-agent.
[    7.577985] systemd[1]: Created slice Slice /system/gpg-agent-browser.
[    7.578250] systemd[1]: Created slice Slice /system/gpg-agent-extra.
[    7.578513] systemd[1]: Created slice Slice /system/gpg-agent-ssh.
[    7.578772] systemd[1]: Created slice Slice /system/keyboxd.
[    7.579034] systemd[1]: Created slice Slice /system/modprobe.
[    7.579297] systemd[1]: Created slice Slice /system/systemd-fsck.
[    7.579517] systemd[1]: Created slice User and Session Slice.
[    7.579588] systemd[1]: Started Forward Password Requests to Wall Directory Watch.
[    7.579727] systemd[1]: Set up automount Arbitrary Executable File Formats File System Automount Point.
[    7.579776] systemd[1]: Expecting device /dev/disk/by-uuid/9b98a9e1-ad61-4691-8532-648d6df6cfd3...
[    7.579806] systemd[1]: Expecting device /dev/disk/by-uuid/B0FA-0E0B...
[    7.579831] systemd[1]: Expecting device /dev/disk/by-uuid/e4384f6f-f9bf-4b17-9566-005bace0b373...
[    7.579865] systemd[1]: Reached target Login Prompts.
[    7.579894] systemd[1]: Reached target Local Integrity Protected Volumes.
[    7.579927] systemd[1]: Reached target Remote File Systems.
[    7.579954] systemd[1]: Reached target Slice Units.
[    7.579983] systemd[1]: Reached target Swaps.
[    7.580012] systemd[1]: Reached target Local Verity Protected Volumes.
[    7.580082] systemd[1]: Listening on Device-mapper event daemon FIFOs.
[    7.580277] systemd[1]: Listening on LVM2 poll daemon socket.
[    7.581057] systemd[1]: Listening on Process Core Dump Socket.
[    7.581175] systemd[1]: Listening on Journal Socket (/dev/log).
[    7.581288] systemd[1]: Listening on Journal Socket.
[    7.581341] systemd[1]: TPM2 PCR Extension (Varlink) was skipped because of an unmet condition check (ConditionSecurity=measured-uki).
[    7.581434] systemd[1]: Listening on udev Control Socket.
[    7.581526] systemd[1]: Listening on udev Kernel Socket.
[    7.582221] systemd[1]: Mounting Huge Pages File System...
[    7.582891] systemd[1]: Mounting POSIX Message Queue File System...
[    7.583387] systemd[1]: Mounting Kernel Debug File System...
[    7.583899] systemd[1]: Mounting Kernel Trace File System...
[    7.584045] systemd[1]: tmp.mount: Directory /tmp to mount over is not empty, mounting anyway.
[    7.584501] systemd[1]: Mounting Temporary Directory /tmp...
[    7.585071] systemd[1]: Starting Create List of Static Device Nodes...
